[    0.000000] Initializing cgroup subsys cpuset
[    0.000000] Initializing cgroup subsys cpu
[    0.000000] Initializing cgroup subsys cpuacct
[    0.000000] Linux version 3.10.0-957.el7.x86_64 (mockbuild@x86-040.build.eng.bos.redhat.com) (gcc version 4.8.5 20150623 (Red Hat 4.8.5-36) (GCC) ) #1 SMP Thu Oct 4 20:48:51 UTC 2018
[    0.000000] Command line: BOOT_IMAGE=/boot/vmlinuz-3.10.0-957.el7.x86_64 root=UUID=424ed610-946d-478b-8175-02f9b834842e ro intel_idle.max_cstate=0 idle=poll processor.max_cstate=1 intel_pstate=disable rdloaddriver=mlx5_core rdloaddriver=i40e rdloaddriver=ixgbe rdloaddriver=igb rdloaddriver=e1000e crashkernel=256M@16M biosdevname=0 ipv6.disable=1 net.ifnames=0 rhgb quiet
[    0.000000] e820: BIOS-provided physical RAM map:
[    0.000000] BIOS-e820: [mem 0x0000000000000000-0x000000000009a7ff] usable
[    0.000000] BIOS-e820: [mem 0x000000000009a800-0x000000000009ffff] reserved
[    0.000000] BIOS-e820: [mem 0x00000000000e0000-0x00000000000fffff] reserved
[    0.000000] BIOS-e820: [mem 0x0000000000100000-0x000000005f8e0fff] usable
[    0.000000] BIOS-e820: [mem 0x000000005f8e1000-0x000000005fb18fff] ACPI NVS
[    0.000000] BIOS-e820: [mem 0x000000005fb19000-0x0000000067843fff] usable
[    0.000000] BIOS-e820: [mem 0x0000000067844000-0x000000006a1f8fff] reserved
[    0.000000] BIOS-e820: [mem 0x000000006a1f9000-0x000000006a5bcfff] usable
[    0.000000] BIOS-e820: [mem 0x000000006a5bd000-0x000000006b32cfff] ACPI NVS
[    0.000000] BIOS-e820: [mem 0x000000006b32d000-0x000000006d774fff] reserved
[    0.000000] BIOS-e820: [mem 0x000000006d775000-0x000000006fffffff] usable
[    0.000000] BIOS-e820: [mem 0x0000000070000000-0x000000008fffffff] reserved
[    0.000000] BIOS-e820: [mem 0x00000000fd000000-0x00000000fe7fffff] reserved
[    0.000000] BIOS-e820: [mem 0x00000000fed20000-0x00000000fed44fff] reserved
[    0.000000] BIOS-e820: [mem 0x00000000ff000000-0x00000000ffffffff] reserved
[    0.000000] BIOS-e820: [mem 0x0000000100000000-0x000000303fffffff] usable
[    0.000000] process: using polling idle threads
[    0.000000] NX (Execute Disable) protection: active
[    0.000000] SMBIOS 3.2 present.
[    0.000000] DMI: Inspur SA5212M5/YZMB-00882-104, BIOS 4.1.16 06/23/2020
[    0.000000] e820: update [mem 0x00000000-0x00000fff] usable ==> reserved
[    0.000000] e820: remove [mem 0x000a0000-0x000fffff] usable
[    0.000000] e820: last_pfn = 0x3040000 max_arch_pfn = 0x400000000
[    0.000000] MTRR default type: uncachable
[    0.000000] MTRR fixed ranges enabled:
[    0.000000]   00000-9FFFF write-back
[    0.000000]   A0000-FFFFF uncachable
[    0.000000] MTRR variable ranges enabled:
[    0.000000]   0 base 000000000000 mask 3FE000000000 write-back
[    0.000000]   1 base 002000000000 mask 3FF000000000 write-back
[    0.000000]   2 base 003000000000 mask 3FFFC0000000 write-back
[    0.000000]   3 base 000080000000 mask 3FFF80000000 uncachable
[    0.000000]   4 base 000070000000 mask 3FFFFC000000 uncachable
[    0.000000]   5 disabled
[    0.000000]   6 disabled
[    0.000000]   7 disabled
[    0.000000]   8 disabled
[    0.000000]   9 disabled
[    0.000000] PAT configuration [0-7]: WB  WC  UC- UC  WB  WP  UC- UC  
[    0.000000] original variable MTRRs
[    0.000000] reg 0, base: 0GB, range: 128GB, type WB
[    0.000000] reg 1, base: 128GB, range: 64GB, type WB
[    0.000000] reg 2, base: 192GB, range: 1GB, type WB
[    0.000000] reg 3, base: 2GB, range: 2GB, type UC
[    0.000000] reg 4, base: 1792MB, range: 64MB, type UC
[    0.000000] total RAM covered: 195520M
[    0.000000] Found optimal setting for mtrr clean up
[    0.000000]  gran_size: 64K 	chunk_size: 512M 	num_reg: 9  	lose cover RAM: 0G
[    0.000000] New variable MTRRs
[    0.000000] reg 0, base: 0GB, range: 2GB, type WB
[    0.000000] reg 1, base: 1792MB, range: 64MB, type UC
[    0.000000] reg 2, base: 4GB, range: 4GB, type WB
[    0.000000] reg 3, base: 8GB, range: 8GB, type WB
[    0.000000] reg 4, base: 16GB, range: 16GB, type WB
[    0.000000] reg 5, base: 32GB, range: 32GB, type WB
[    0.000000] reg 6, base: 64GB, range: 64GB, type WB
[    0.000000] reg 7, base: 128GB, range: 64GB, type WB
[    0.000000] reg 8, base: 192GB, range: 1GB, type WB
[    0.000000] e820: update [mem 0x70000000-0x73ffffff] usable ==> reserved
[    0.000000] e820: update [mem 0x80000000-0xffffffff] usable ==> reserved
[    0.000000] e820: last_pfn = 0x70000 max_arch_pfn = 0x400000000
[    0.000000] Base memory trampoline at [ffff89aac0094000] 94000 size 24576
[    0.000000] Using GB pages for direct mapping
[    0.000000] BRK [0x23bd852000, 0x23bd852fff] PGTABLE
[    0.000000] BRK [0x23bd853000, 0x23bd853fff] PGTABLE
[    0.000000] BRK [0x23bd854000, 0x23bd854fff] PGTABLE
[    0.000000] BRK [0x23bd855000, 0x23bd855fff] PGTABLE
[    0.000000] BRK [0x23bd856000, 0x23bd856fff] PGTABLE
[    0.000000] BRK [0x23bd857000, 0x23bd857fff] PGTABLE
[    0.000000] BRK [0x23bd858000, 0x23bd858fff] PGTABLE
[    0.000000] BRK [0x23bd859000, 0x23bd859fff] PGTABLE
[    0.000000] BRK [0x23bd85a000, 0x23bd85afff] PGTABLE
[    0.000000] BRK [0x23bd85b000, 0x23bd85bfff] PGTABLE
[    0.000000] BRK [0x23bd85c000, 0x23bd85cfff] PGTABLE
[    0.000000] RAMDISK: [mem 0x35bc5000-0x36ddafff]
[    0.000000] Early table checksum verification disabled
[    0.000000] ACPI: RSDP 00000000000f05b0 00024 (v02 ALASKA)
[    0.000000] ACPI: XSDT 000000005f8e10c8 00114 (v01 ALASKA   A M I  01072009 AMI  00010013)
[    0.000000] ACPI: FACP 000000005fa7a1d0 00114 (v06 ALASKA   A M I  01072009 INTL 20091013)
[    0.000000] ACPI: DSDT 000000005f8e1278 198F52 (v02 ALASKA   A M I  01072009 INTL 20091013)
[    0.000000] ACPI: FACS 000000006b2e9080 00040
[    0.000000] ACPI: FPDT 000000005fa7a2e8 00044 (v01 ALASKA   A M I  01072009 AMI  00010013)
[    0.000000] ACPI: FIDT 000000005fa7a330 0009C (v01 ALASKA    A M I 01072009 AMI  00010013)
[    0.000000] ACPI: SPMI 000000005fa7a3d0 00041 (v05 ALASKA   A M I  00000000 AMI. 00000000)
[    0.000000] ACPI: SSDT 000000005fa7a418 0046C (v02  INTEL ADDRXLAT 00000001 INTL 20140828)
[    0.000000] ACPI: MCFG 000000005fa7a888 0003C (v01 ALASKA   A M I  01072009 MSFT 00000097)
[    0.000000] ACPI: HPET 000000005fa7a8c8 00038 (v01 ALASKA   A M I  00000001 INTL 20091013)
[    0.000000] ACPI: APIC 000000005fa7a900 00C5E (v03 ALASKA   A M I  00000000 INTL 20091013)
[    0.000000] ACPI: MIGT 000000005fa7b560 00040 (v01 ALASKA   A M I  00000000 INTL 20091013)
[    0.000000] ACPI: MSCT 000000005fa7b5a0 00064 (v01 ALASKA   A M I  00000001 INTL 20091013)
[    0.000000] ACPI: PCAT 000000005fa7b608 00088 (v02 ALASKA   A M I  00000002 INTL 20091013)
[    0.000000] ACPI: PCCT 000000005fa7b690 0006E (v01 ALASKA   A M I  00000002 INTL 20091013)
[    0.000000] ACPI: RASF 000000005fa7b700 00030 (v01 ALASKA   A M I  00000001 INTL 20091013)
[    0.000000] ACPI: SLIT 000000005fa7b730 0012C (v01 ALASKA   A M I  00000001 INTL 20091013)
[    0.000000] ACPI: SRAT 000000005fa7b860 016B0 (v03 ALASKA   A M I  00000002 INTL 20091013)
[    0.000000] ACPI: SVOS 000000005fa7cf10 00032 (v01 ALASKA   A M I  00000000 INTL 20091013)
[    0.000000] ACPI: WDDT 000000005fa7cf48 00040 (v01 ALASKA   A M I  00000000 INTL 20091013)
[    0.000000] ACPI: OEM4 000000005fa7cf88 513F4 (v02  INTEL CPU  CST 00003000 INTL 20140828)
[    0.000000] ACPI: OEM1 000000005face380 16984 (v02  INTEL CPU EIST 00003000 INTL 20140828)
[    0.000000] ACPI: OEM2 000000005fae4d08 17554 (v02  INTEL CPU  HWP 00003000 INTL 20140828)
[    0.000000] ACPI: SSDT 000000005fafc260 19D00 (v02  INTEL SSDT  PM 00004000 INTL 20140828)
[    0.000000] ACPI: SSDT 000000005fb15f60 0065B (v02 ALASKA   A M I  00000000 INTL 20091013)
[    0.000000] ACPI: SPCR 000000005fb165c0 00050 (v02  A M I  APTIO V 01072009 AMI. 0005000E)
[    0.000000] ACPI: SSDT 000000005fb16610 01B4E (v02  INTEL SpsNm    00000002 INTL 20140828)
[    0.000000] ACPI: DMAR 000000005fb18160 00290 (v01 ALASKA   A M I  00000001 INTL 20091013)
[    0.000000] ACPI: HEST 000000005fb183f0 000A8 (v01 ALASKA   A M I  00000001 INTL 00000001)
[    0.000000] ACPI: BERT 000000005fb18498 00030 (v01 ALASKA   A M I  00000001 INTL 00000001)
[    0.000000] ACPI: ERST 000000005fb184c8 00230 (v01 ALASKA   A M I  00000001 INTL 00000001)
[    0.000000] ACPI: EINJ 000000005fb186f8 00150 (v01 ALASKA   A M I  00000001 INTL 00000001)
[    0.000000] ACPI: WSMT 000000005fb18848 00028 (v01 ALASKA   A M I  01072009 AMI  00010013)
[    0.000000] ACPI: Local APIC address 0xfee00000
[    0.000000] SRAT: PXM 0 -> APIC 0x00 -> Node 0
[    0.000000] SRAT: PXM 0 -> APIC 0x02 -> Node 0
[    0.000000] SRAT: PXM 0 -> APIC 0x04 -> Node 0
[    0.000000] SRAT: PXM 0 -> APIC 0x06 -> Node 0
[    0.000000] SRAT: PXM 0 -> APIC 0x08 -> Node 0
[    0.000000] SRAT: PXM 0 -> APIC 0x10 -> Node 0
[    0.000000] SRAT: PXM 0 -> APIC 0x12 -> Node 0
[    0.000000] SRAT: PXM 0 -> APIC 0x14 -> Node 0
[    0.000000] SRAT: PXM 0 -> APIC 0x16 -> Node 0
[    0.000000] SRAT: PXM 0 -> APIC 0x18 -> Node 0
[    0.000000] SRAT: PXM 0 -> APIC 0x20 -> Node 0
[    0.000000] SRAT: PXM 0 -> APIC 0x22 -> Node 0
[    0.000000] SRAT: PXM 0 -> APIC 0x24 -> Node 0
[    0.000000] SRAT: PXM 0 -> APIC 0x26 -> Node 0
[    0.000000] SRAT: PXM 0 -> APIC 0x28 -> Node 0
[    0.000000] SRAT: PXM 0 -> APIC 0x30 -> Node 0
[    0.000000] SRAT: PXM 0 -> APIC 0x32 -> Node 0
[    0.000000] SRAT: PXM 0 -> APIC 0x34 -> Node 0
[    0.000000] SRAT: PXM 0 -> APIC 0x36 -> Node 0
[    0.000000] SRAT: PXM 0 -> APIC 0x38 -> Node 0
[    0.000000] SRAT: PXM 1 -> APIC 0x40 -> Node 1
[    0.000000] SRAT: PXM 1 -> APIC 0x42 -> Node 1
[    0.000000] SRAT: PXM 1 -> APIC 0x44 -> Node 1
[    0.000000] SRAT: PXM 1 -> APIC 0x46 -> Node 1
[    0.000000] SRAT: PXM 1 -> APIC 0x48 -> Node 1
[    0.000000] SRAT: PXM 1 -> APIC 0x50 -> Node 1
[    0.000000] SRAT: PXM 1 -> APIC 0x52 -> Node 1
[    0.000000] SRAT: PXM 1 -> APIC 0x54 -> Node 1
[    0.000000] SRAT: PXM 1 -> APIC 0x56 -> Node 1
[    0.000000] SRAT: PXM 1 -> APIC 0x58 -> Node 1
[    0.000000] SRAT: PXM 1 -> APIC 0x60 -> Node 1
[    0.000000] SRAT: PXM 1 -> APIC 0x62 -> Node 1
[    0.000000] SRAT: PXM 1 -> APIC 0x64 -> Node 1
[    0.000000] SRAT: PXM 1 -> APIC 0x66 -> Node 1
[    0.000000] SRAT: PXM 1 -> APIC 0x68 -> Node 1
[    0.000000] SRAT: PXM 1 -> APIC 0x70 -> Node 1
[    0.000000] SRAT: PXM 1 -> APIC 0x72 -> Node 1
[    0.000000] SRAT: PXM 1 -> APIC 0x74 -> Node 1
[    0.000000] SRAT: PXM 1 -> APIC 0x76 -> Node 1
[    0.000000] SRAT: PXM 1 -> APIC 0x78 -> Node 1
[    0.000000] SRAT: PXM 0 -> APIC 0x01 -> Node 0
[    0.000000] SRAT: PXM 0 -> APIC 0x03 -> Node 0
[    0.000000] SRAT: PXM 0 -> APIC 0x05 -> Node 0
[    0.000000] SRAT: PXM 0 -> APIC 0x07 -> Node 0
[    0.000000] SRAT: PXM 0 -> APIC 0x09 -> Node 0
[    0.000000] SRAT: PXM 0 -> APIC 0x11 -> Node 0
[    0.000000] SRAT: PXM 0 -> APIC 0x13 -> Node 0
[    0.000000] SRAT: PXM 0 -> APIC 0x15 -> Node 0
[    0.000000] SRAT: PXM 0 -> APIC 0x17 -> Node 0
[    0.000000] SRAT: PXM 0 -> APIC 0x19 -> Node 0
[    0.000000] SRAT: PXM 0 -> APIC 0x21 -> Node 0
[    0.000000] SRAT: PXM 0 -> APIC 0x23 -> Node 0
[    0.000000] SRAT: PXM 0 -> APIC 0x25 -> Node 0
[    0.000000] SRAT: PXM 0 -> APIC 0x27 -> Node 0
[    0.000000] SRAT: PXM 0 -> APIC 0x29 -> Node 0
[    0.000000] SRAT: PXM 0 -> APIC 0x31 -> Node 0
[    0.000000] SRAT: PXM 0 -> APIC 0x33 -> Node 0
[    0.000000] SRAT: PXM 0 -> APIC 0x35 -> Node 0
[    0.000000] SRAT: PXM 0 -> APIC 0x37 -> Node 0
[    0.000000] SRAT: PXM 0 -> APIC 0x39 -> Node 0
[    0.000000] SRAT: PXM 1 -> APIC 0x41 -> Node 1
[    0.000000] SRAT: PXM 1 -> APIC 0x43 -> Node 1
[    0.000000] SRAT: PXM 1 -> APIC 0x45 -> Node 1
[    0.000000] SRAT: PXM 1 -> APIC 0x47 -> Node 1
[    0.000000] SRAT: PXM 1 -> APIC 0x49 -> Node 1
[    0.000000] SRAT: PXM 1 -> APIC 0x51 -> Node 1
[    0.000000] SRAT: PXM 1 -> APIC 0x53 -> Node 1
[    0.000000] SRAT: PXM 1 -> APIC 0x55 -> Node 1
[    0.000000] SRAT: PXM 1 -> APIC 0x57 -> Node 1
[    0.000000] SRAT: PXM 1 -> APIC 0x59 -> Node 1
[    0.000000] SRAT: PXM 1 -> APIC 0x61 -> Node 1
[    0.000000] SRAT: PXM 1 -> APIC 0x63 -> Node 1
[    0.000000] SRAT: PXM 1 -> APIC 0x65 -> Node 1
[    0.000000] SRAT: PXM 1 -> APIC 0x67 -> Node 1
[    0.000000] SRAT: PXM 1 -> APIC 0x69 -> Node 1
[    0.000000] SRAT: PXM 1 -> APIC 0x71 -> Node 1
[    0.000000] SRAT: PXM 1 -> APIC 0x73 -> Node 1
[    0.000000] SRAT: PXM 1 -> APIC 0x75 -> Node 1
[    0.000000] SRAT: PXM 1 -> APIC 0x77 -> Node 1
[    0.000000] SRAT: PXM 1 -> APIC 0x79 -> Node 1
[    0.000000] SRAT: Node 0 PXM 0 [mem 0x00000000-0x7fffffff]
[    0.000000] SRAT: Node 0 PXM 0 [mem 0x100000000-0x183fffffff]
[    0.000000] SRAT: Node 1 PXM 1 [mem 0x1840000000-0x303fffffff]
[    0.000000] NUMA: Initialized distance table, cnt=2
[    0.000000] NUMA: Node 0 [mem 0x00000000-0x7fffffff] + [mem 0x100000000-0x183fffffff] -> [mem 0x00000000-0x183fffffff]
[    0.000000] NODE_DATA(0) allocated [mem 0x183ffd9000-0x183fffffff]
[    0.000000] NODE_DATA(1) allocated [mem 0x303ffd8000-0x303fffefff]
[    0.000000] Reserving 256MB of memory at 16MB for crashkernel (System RAM: 195233MB)
[    0.000000] Zone ranges:
[    0.000000]   DMA      [mem 0x00001000-0x00ffffff]
[    0.000000]   DMA32    [mem 0x01000000-0xffffffff]
[    0.000000]   Normal   [mem 0x100000000-0x303fffffff]
[    0.000000] Movable zone start for each node
[    0.000000] Early memory node ranges
[    0.000000]   node   0: [mem 0x00001000-0x00099fff]
[    0.000000]   node   0: [mem 0x00100000-0x5f8e0fff]
[    0.000000]   node   0: [mem 0x5fb19000-0x67843fff]
[    0.000000]   node   0: [mem 0x6a1f9000-0x6a5bcfff]
[    0.000000]   node   0: [mem 0x6d775000-0x6fffffff]
[    0.000000]   node   0: [mem 0x100000000-0x183fffffff]
[    0.000000]   node   1: [mem 0x1840000000-0x303fffffff]
[    0.000000] Initmem setup node 0 [mem 0x00001000-0x183fffffff]
[    0.000000] On node 0 totalpages: 24814068
[    0.000000]   DMA zone: 64 pages used for memmap
[    0.000000]   DMA zone: 21 pages reserved
[    0.000000]   DMA zone: 3993 pages, LIFO batch:0
[    0.000000]   DMA32 zone: 6730 pages used for memmap
[    0.000000]   DMA32 zone: 430683 pages, LIFO batch:31
[    0.000000]   Normal zone: 380928 pages used for memmap
[    0.000000]   Normal zone: 24379392 pages, LIFO batch:31
[    0.000000] Initmem setup node 1 [mem 0x1840000000-0x303fffffff]
[    0.000000] On node 1 totalpages: 25165824
[    0.000000]   Normal zone: 393216 pages used for memmap
[    0.000000]   Normal zone: 25165824 pages, LIFO batch:31
[    0.000000] ACPI: PM-Timer IO Port: 0x508
[    0.000000] ACPI: Local APIC address 0xfee00000
[    0.000000] ACPI: LAPIC (acpi_id[0x00] lapic_id[0x00] enabled)
[    0.000000] ACPI: LAPIC (acpi_id[0x01] lapic_id[0x02] enabled)
[    0.000000] ACPI: LAPIC (acpi_id[0x02] lapic_id[0x04] enabled)
[    0.000000] ACPI: LAPIC (acpi_id[0x03] lapic_id[0x06] enabled)
[    0.000000] ACPI: LAPIC (acpi_id[0x04] lapic_id[0x08] enabled)
[    0.000000] ACPI: LAPIC (acpi_id[0x05] lapic_id[0x10] enabled)
[    0.000000] ACPI: LAPIC (acpi_id[0x06] lapic_id[0x12] enabled)
[    0.000000] ACPI: LAPIC (acpi_id[0x07] lapic_id[0x14] enabled)
[    0.000000] ACPI: LAPIC (acpi_id[0x08] lapic_id[0x16] enabled)
[    0.000000] ACPI: LAPIC (acpi_id[0x09] lapic_id[0x18] enabled)
[    0.000000] ACPI: LAPIC (acpi_id[0x0a] lapic_id[0x20] enabled)
[    0.000000] ACPI: LAPIC (acpi_id[0x0b] lapic_id[0x22] enabled)
[    0.000000] ACPI: LAPIC (acpi_id[0x0c] lapic_id[0x24] enabled)
[    0.000000] ACPI: LAPIC (acpi_id[0x0d] lapic_id[0x26] enabled)
[    0.000000] ACPI: LAPIC (acpi_id[0x0e] lapic_id[0x28] enabled)
[    0.000000] ACPI: LAPIC (acpi_id[0x0f] lapic_id[0x30] enabled)
[    0.000000] ACPI: LAPIC (acpi_id[0x10] lapic_id[0x32] enabled)
[    0.000000] ACPI: LAPIC (acpi_id[0x11] lapic_id[0x34] enabled)
[    0.000000] ACPI: LAPIC (acpi_id[0x12] lapic_id[0x36] enabled)
[    0.000000] ACPI: LAPIC (acpi_id[0x13] lapic_id[0x38] enabled)
[    0.000000] ACPI: LAPIC (acpi_id[0x40] lapic_id[0x40] enabled)
[    0.000000] ACPI: LAPIC (acpi_id[0x41] lapic_id[0x42] enabled)
[    0.000000] ACPI: LAPIC (acpi_id[0x42] lapic_id[0x44] enabled)
[    0.000000] ACPI: LAPIC (acpi_id[0x43] lapic_id[0x46] enabled)
[    0.000000] ACPI: LAPIC (acpi_id[0x44] lapic_id[0x48] enabled)
[    0.000000] ACPI: LAPIC (acpi_id[0x45] lapic_id[0x50] enabled)
[    0.000000] ACPI: LAPIC (acpi_id[0x46] lapic_id[0x52] enabled)
[    0.000000] ACPI: LAPIC (acpi_id[0x47] lapic_id[0x54] enabled)
[    0.000000] ACPI: LAPIC (acpi_id[0x48] lapic_id[0x56] enabled)
[    0.000000] ACPI: LAPIC (acpi_id[0x49] lapic_id[0x58] enabled)
[    0.000000] ACPI: LAPIC (acpi_id[0x4a] lapic_id[0x60] enabled)
[    0.000000] ACPI: LAPIC (acpi_id[0x4b] lapic_id[0x62] enabled)
[    0.000000] ACPI: LAPIC (acpi_id[0x4c] lapic_id[0x64] enabled)
[    0.000000] ACPI: LAPIC (acpi_id[0x4d] lapic_id[0x66] enabled)
[    0.000000] ACPI: LAPIC (acpi_id[0x4e] lapic_id[0x68] enabled)
[    0.000000] ACPI: LAPIC (acpi_id[0x4f] lapic_id[0x70] enabled)
[    0.000000] ACPI: LAPIC (acpi_id[0x50] lapic_id[0x72] enabled)
[    0.000000] ACPI: LAPIC (acpi_id[0x51] lapic_id[0x74] enabled)
[    0.000000] ACPI: LAPIC (acpi_id[0x52] lapic_id[0x76] enabled)
[    0.000000] ACPI: LAPIC (acpi_id[0x53] lapic_id[0x78] enabled)
[    0.000000] ACPI: LAPIC (acpi_id[0x14] lapic_id[0x01] enabled)
[    0.000000] ACPI: LAPIC (acpi_id[0x15] lapic_id[0x03] enabled)
[    0.000000] ACPI: LAPIC (acpi_id[0x16] lapic_id[0x05] enabled)
[    0.000000] ACPI: LAPIC (acpi_id[0x17] lapic_id[0x07] enabled)
[    0.000000] ACPI: LAPIC (acpi_id[0x18] lapic_id[0x09] enabled)
[    0.000000] ACPI: LAPIC (acpi_id[0x19] lapic_id[0x11] enabled)
[    0.000000] ACPI: LAPIC (acpi_id[0x1a] lapic_id[0x13] enabled)
[    0.000000] ACPI: LAPIC (acpi_id[0x1b] lapic_id[0x15] enabled)
[    0.000000] ACPI: LAPIC (acpi_id[0x1c] lapic_id[0x17] enabled)
[    0.000000] ACPI: LAPIC (acpi_id[0x1d] lapic_id[0x19] enabled)
[    0.000000] ACPI: LAPIC (acpi_id[0x1e] lapic_id[0x21] enabled)
[    0.000000] ACPI: LAPIC (acpi_id[0x1f] lapic_id[0x23] enabled)
[    0.000000] ACPI: LAPIC (acpi_id[0x20] lapic_id[0x25] enabled)
[    0.000000] ACPI: LAPIC (acpi_id[0x21] lapic_id[0x27] enabled)
[    0.000000] ACPI: LAPIC (acpi_id[0x22] lapic_id[0x29] enabled)
[    0.000000] ACPI: LAPIC (acpi_id[0x23] lapic_id[0x31] enabled)
[    0.000000] ACPI: LAPIC (acpi_id[0x24] lapic_id[0x33] enabled)
[    0.000000] ACPI: LAPIC (acpi_id[0x25] lapic_id[0x35] enabled)
[    0.000000] ACPI: LAPIC (acpi_id[0x26] lapic_id[0x37] enabled)
[    0.000000] ACPI: LAPIC (acpi_id[0x27] lapic_id[0x39] enabled)
[    0.000000] ACPI: LAPIC (acpi_id[0x54] lapic_id[0x41] enabled)
[    0.000000] ACPI: LAPIC (acpi_id[0x55] lapic_id[0x43] enabled)
[    0.000000] ACPI: LAPIC (acpi_id[0x56] lapic_id[0x45] enabled)
[    0.000000] ACPI: LAPIC (acpi_id[0x57] lapic_id[0x47] enabled)
[    0.000000] ACPI: LAPIC (acpi_id[0x58] lapic_id[0x49] enabled)
[    0.000000] ACPI: LAPIC (acpi_id[0x59] lapic_id[0x51] enabled)
[    0.000000] ACPI: LAPIC (acpi_id[0x5a] lapic_id[0x53] enabled)
[    0.000000] ACPI: LAPIC (acpi_id[0x5b] lapic_id[0x55] enabled)
[    0.000000] ACPI: LAPIC (acpi_id[0x5c] lapic_id[0x57] enabled)
[    0.000000] ACPI: LAPIC (acpi_id[0x5d] lapic_id[0x59] enabled)
[    0.000000] ACPI: LAPIC (acpi_id[0x5e] lapic_id[0x61] enabled)
[    0.000000] ACPI: LAPIC (acpi_id[0x5f] lapic_id[0x63] enabled)
[    0.000000] ACPI: LAPIC (acpi_id[0x60] lapic_id[0x65] enabled)
[    0.000000] ACPI: LAPIC (acpi_id[0x61] lapic_id[0x67] enabled)
[    0.000000] ACPI: LAPIC (acpi_id[0x62] lapic_id[0x69] enabled)
[    0.000000] ACPI: LAPIC (acpi_id[0x63] lapic_id[0x71] enabled)
[    0.000000] ACPI: LAPIC (acpi_id[0x64] lapic_id[0x73] enabled)
[    0.000000] ACPI: LAPIC (acpi_id[0x65] lapic_id[0x75] enabled)
[    0.000000] ACPI: LAPIC (acpi_id[0x66] lapic_id[0x77] enabled)
[    0.000000] ACPI: LAPIC (acpi_id[0x67] lapic_id[0x79] enabled)
[    0.000000] ACPI: LAPIC (acpi_id[0xff] lapic_id[0xff] disabled)
[    0.000000] ACPI: LAPIC (acpi_id[0xff] lapic_id[0xff] disabled)
[    0.000000] ACPI: LAPIC (acpi_id[0xff] lapic_id[0xff] disabled)
[    0.000000] ACPI: LAPIC (acpi_id[0xff] lapic_id[0xff] disabled)
[    0.000000] ACPI: LAPIC (acpi_id[0xff] lapic_id[0xff] disabled)
[    0.000000] ACPI: LAPIC (acpi_id[0xff] lapic_id[0xff] disabled)
[    0.000000] ACPI: LAPIC (acpi_id[0xff] lapic_id[0xff] disabled)
[    0.000000] ACPI: LAPIC (acpi_id[0xff] lapic_id[0xff] disabled)
[    0.000000] ACPI: LAPIC (acpi_id[0xff] lapic_id[0xff] disabled)
[    0.000000] ACPI: LAPIC (acpi_id[0xff] lapic_id[0xff] disabled)
[    0.000000] ACPI: LAPIC (acpi_id[0xff] lapic_id[0xff] disabled)
[    0.000000] ACPI: LAPIC (acpi_id[0xff] lapic_id[0xff] disabled)
[    0.000000] ACPI: LAPIC (acpi_id[0xff] lapic_id[0xff] disabled)
[    0.000000] ACPI: LAPIC (acpi_id[0xff] lapic_id[0xff] disabled)
[    0.000000] ACPI: LAPIC (acpi_id[0xff] lapic_id[0xff] disabled)
[    0.000000] ACPI: LAPIC (acpi_id[0xff] lapic_id[0xff] disabled)
[    0.000000] ACPI: LAPIC (acpi_id[0xff] lapic_id[0xff] disabled)
[    0.000000] ACPI: LAPIC (acpi_id[0xff] lapic_id[0xff] disabled)
[    0.000000] ACPI: LAPIC (acpi_id[0xff] lapic_id[0xff] disabled)
[    0.000000] ACPI: LAPIC (acpi_id[0xff] lapic_id[0xff] disabled)
[    0.000000] ACPI: LAPIC (acpi_id[0xff] lapic_id[0xff] disabled)
[    0.000000] ACPI: LAPIC (acpi_id[0xff] lapic_id[0xff] disabled)
[    0.000000] ACPI: LAPIC (acpi_id[0xff] lapic_id[0xff] disabled)
[    0.000000] ACPI: LAPIC (acpi_id[0xff] lapic_id[0xff] disabled)
[    0.000000] ACPI: LAPIC (acpi_id[0xff] lapic_id[0xff] disabled)
[    0.000000] ACPI: LAPIC (acpi_id[0xff] lapic_id[0xff] disabled)
[    0.000000] ACPI: LAPIC (acpi_id[0xff] lapic_id[0xff] disabled)
[    0.000000] ACPI: LAPIC (acpi_id[0xff] lapic_id[0xff] disabled)
[    0.000000] ACPI: LAPIC (acpi_id[0xff] lapic_id[0xff] disabled)
[    0.000000] ACPI: LAPIC (acpi_id[0xff] lapic_id[0xff] disabled)
[    0.000000] ACPI: LAPIC (acpi_id[0xff] lapic_id[0xff] disabled)
[    0.000000] ACPI: LAPIC (acpi_id[0xff] lapic_id[0xff] disabled)
[    0.000000] ACPI: X2APIC (apic_id[0xffffffff] uid[0x00] disabled)
[    0.000000] ACPI: X2APIC (apic_id[0xffffffff] uid[0x01] disabled)
[    0.000000] ACPI: X2APIC (apic_id[0xffffffff] uid[0x02] disabled)
[    0.000000] ACPI: X2APIC (apic_id[0xffffffff] uid[0x03] disabled)
[    0.000000] ACPI: X2APIC (apic_id[0xffffffff] uid[0x04] disabled)
[    0.000000] ACPI: X2APIC (apic_id[0xffffffff] uid[0x05] disabled)
[    0.000000] ACPI: X2APIC (apic_id[0xffffffff] uid[0x06] disabled)
[    0.000000] ACPI: X2APIC (apic_id[0xffffffff] uid[0x07] disabled)
[    0.000000] ACPI: X2APIC (apic_id[0xffffffff] uid[0x08] disabled)
[    0.000000] ACPI: X2APIC (apic_id[0xffffffff] uid[0x09] disabled)
[    0.000000] ACPI: X2APIC (apic_id[0xffffffff] uid[0x0a] disabled)
[    0.000000] ACPI: X2APIC (apic_id[0xffffffff] uid[0x0b] disabled)
[    0.000000] ACPI: X2APIC (apic_id[0xffffffff] uid[0x0c] disabled)
[    0.000000] ACPI: X2APIC (apic_id[0xffffffff] uid[0x0d] disabled)
[    0.000000] ACPI: X2APIC (apic_id[0xffffffff] uid[0x0e] disabled)
[    0.000000] ACPI: X2APIC (apic_id[0xffffffff] uid[0x0f] disabled)
[    0.000000] ACPI: X2APIC (apic_id[0xffffffff] uid[0x10] disabled)
[    0.000000] ACPI: X2APIC (apic_id[0xffffffff] uid[0x11] disabled)
[    0.000000] ACPI: X2APIC (apic_id[0xffffffff] uid[0x12] disabled)
[    0.000000] ACPI: X2APIC (apic_id[0xffffffff] uid[0x13] disabled)
[    0.000000] ACPI: X2APIC (apic_id[0xffffffff] uid[0x14] disabled)
[    0.000000] ACPI: X2APIC (apic_id[0xffffffff] uid[0x15] disabled)
[    0.000000] ACPI: X2APIC (apic_id[0xffffffff] uid[0x16] disabled)
[    0.000000] ACPI: X2APIC (apic_id[0xffffffff] uid[0x17] disabled)
[    0.000000] ACPI: X2APIC (apic_id[0xffffffff] uid[0x18] disabled)
[    0.000000] ACPI: X2APIC (apic_id[0xffffffff] uid[0x19] disabled)
[    0.000000] ACPI: X2APIC (apic_id[0xffffffff] uid[0x1a] disabled)
[    0.000000] ACPI: X2APIC (apic_id[0xffffffff] uid[0x1b] disabled)
[    0.000000] ACPI: X2APIC (apic_id[0xffffffff] uid[0x1c] disabled)
[    0.000000] ACPI: X2APIC (apic_id[0xffffffff] uid[0x1d] disabled)
[    0.000000] ACPI: X2APIC (apic_id[0xffffffff] uid[0x1e] disabled)
[    0.000000] ACPI: X2APIC (apic_id[0xffffffff] uid[0x1f] disabled)
[    0.000000] ACPI: X2APIC (apic_id[0xffffffff] uid[0x20] disabled)
[    0.000000] ACPI: X2APIC (apic_id[0xffffffff] uid[0x21] disabled)
[    0.000000] ACPI: X2APIC (apic_id[0xffffffff] uid[0x22] disabled)
[    0.000000] ACPI: X2APIC (apic_id[0xffffffff] uid[0x23] disabled)
[    0.000000] ACPI: X2APIC (apic_id[0xffffffff] uid[0x24] disabled)
[    0.000000] ACPI: X2APIC (apic_id[0xffffffff] uid[0x25] disabled)
[    0.000000] ACPI: X2APIC (apic_id[0xffffffff] uid[0x26] disabled)
[    0.000000] ACPI: X2APIC (apic_id[0xffffffff] uid[0x27] disabled)
[    0.000000] ACPI: X2APIC (apic_id[0xffffffff] uid[0x28] disabled)
[    0.000000] ACPI: X2APIC (apic_id[0xffffffff] uid[0x29] disabled)
[    0.000000] ACPI: X2APIC (apic_id[0xffffffff] uid[0x2a] disabled)
[    0.000000] ACPI: X2APIC (apic_id[0xffffffff] uid[0x2b] disabled)
[    0.000000] ACPI: X2APIC (apic_id[0xffffffff] uid[0x2c] disabled)
[    0.000000] ACPI: X2APIC (apic_id[0xffffffff] uid[0x2d] disabled)
[    0.000000] ACPI: X2APIC (apic_id[0xffffffff] uid[0x2e] disabled)
[    0.000000] ACPI: X2APIC (apic_id[0xffffffff] uid[0x2f] disabled)
[    0.000000] ACPI: X2APIC (apic_id[0xffffffff] uid[0x30] disabled)
[    0.000000] ACPI: X2APIC (apic_id[0xffffffff] uid[0x31] disabled)
[    0.000000] ACPI: X2APIC (apic_id[0xffffffff] uid[0x32] disabled)
[    0.000000] ACPI: X2APIC (apic_id[0xffffffff] uid[0x33] disabled)
[    0.000000] ACPI: X2APIC (apic_id[0xffffffff] uid[0x34] disabled)
[    0.000000] ACPI: X2APIC (apic_id[0xffffffff] uid[0x35] disabled)
[    0.000000] ACPI: X2APIC (apic_id[0xffffffff] uid[0x36] disabled)
[    0.000000] ACPI: X2APIC (apic_id[0xffffffff] uid[0x37] disabled)
[    0.000000] ACPI: X2APIC (apic_id[0xffffffff] uid[0x38] disabled)
[    0.000000] ACPI: X2APIC (apic_id[0xffffffff] uid[0x39] disabled)
[    0.000000] ACPI: X2APIC (apic_id[0xffffffff] uid[0x3a] disabled)
[    0.000000] ACPI: X2APIC (apic_id[0xffffffff] uid[0x3b] disabled)
[    0.000000] ACPI: X2APIC (apic_id[0xffffffff] uid[0x3c] disabled)
[    0.000000] ACPI: X2APIC (apic_id[0xffffffff] uid[0x3d] disabled)
[    0.000000] ACPI: X2APIC (apic_id[0xffffffff] uid[0x3e] disabled)
[    0.000000] ACPI: X2APIC (apic_id[0xffffffff] uid[0x3f] disabled)
[    0.000000] ACPI: X2APIC (apic_id[0xffffffff] uid[0x40] disabled)
[    0.000000] ACPI: X2APIC (apic_id[0xffffffff] uid[0x41] disabled)
[    0.000000] ACPI: X2APIC (apic_id[0xffffffff] uid[0x42] disabled)
[    0.000000] ACPI: X2APIC (apic_id[0xffffffff] uid[0x43] disabled)
[    0.000000] ACPI: X2APIC (apic_id[0xffffffff] uid[0x44] disabled)
[    0.000000] ACPI: X2APIC (apic_id[0xffffffff] uid[0x45] disabled)
[    0.000000] ACPI: X2APIC (apic_id[0xffffffff] uid[0x46] disabled)
[    0.000000] ACPI: X2APIC (apic_id[0xffffffff] uid[0x47] disabled)
[    0.000000] ACPI: X2APIC (apic_id[0xffffffff] uid[0x48] disabled)
[    0.000000] ACPI: X2APIC (apic_id[0xffffffff] uid[0x49] disabled)
[    0.000000] ACPI: X2APIC (apic_id[0xffffffff] uid[0x4a] disabled)
[    0.000000] ACPI: X2APIC (apic_id[0xffffffff] uid[0x4b] disabled)
[    0.000000] ACPI: X2APIC (apic_id[0xffffffff] uid[0x4c] disabled)
[    0.000000] ACPI: X2APIC (apic_id[0xffffffff] uid[0x4d] disabled)
[    0.000000] ACPI: X2APIC (apic_id[0xffffffff] uid[0x4e] disabled)
[    0.000000] ACPI: X2APIC (apic_id[0xffffffff] uid[0x4f] disabled)
[    0.000000] ACPI: X2APIC (apic_id[0xffffffff] uid[0x50] disabled)
[    0.000000] ACPI: X2APIC (apic_id[0xffffffff] uid[0x51] disabled)
[    0.000000] ACPI: X2APIC (apic_id[0xffffffff] uid[0x52] disabled)
[    0.000000] ACPI: X2APIC (apic_id[0xffffffff] uid[0x53] disabled)
[    0.000000] ACPI: X2APIC (apic_id[0xffffffff] uid[0x54] disabled)
[    0.000000] ACPI: X2APIC (apic_id[0xffffffff] uid[0x55] disabled)
[    0.000000] ACPI: X2APIC (apic_id[0xffffffff] uid[0x56] disabled)
[    0.000000] ACPI: X2APIC (apic_id[0xffffffff] uid[0x57] disabled)
[    0.000000] ACPI: X2APIC (apic_id[0xffffffff] uid[0x58] disabled)
[    0.000000] ACPI: X2APIC (apic_id[0xffffffff] uid[0x59] disabled)
[    0.000000] ACPI: X2APIC (apic_id[0xffffffff] uid[0x5a] disabled)
[    0.000000] ACPI: X2APIC (apic_id[0xffffffff] uid[0x5b] disabled)
[    0.000000] ACPI: X2APIC (apic_id[0xffffffff] uid[0x5c] disabled)
[    0.000000] ACPI: X2APIC (apic_id[0xffffffff] uid[0x5d] disabled)
[    0.000000] ACPI: X2APIC (apic_id[0xffffffff] uid[0x5e] disabled)
[    0.000000] ACPI: X2APIC (apic_id[0xffffffff] uid[0x5f] disabled)
[    0.000000] ACPI: X2APIC (apic_id[0xffffffff] uid[0x60] disabled)
[    0.000000] ACPI: X2APIC (apic_id[0xffffffff] uid[0x61] disabled)
[    0.000000] ACPI: X2APIC (apic_id[0xffffffff] uid[0x62] disabled)
[    0.000000] ACPI: X2APIC (apic_id[0xffffffff] uid[0x63] disabled)
[    0.000000] ACPI: X2APIC (apic_id[0xffffffff] uid[0x64] disabled)
[    0.000000] ACPI: X2APIC (apic_id[0xffffffff] uid[0x65] disabled)
[    0.000000] ACPI: X2APIC (apic_id[0xffffffff] uid[0x66] disabled)
[    0.000000] ACPI: X2APIC (apic_id[0xffffffff] uid[0x67] disabled)
[    0.000000] ACPI: X2APIC (apic_id[0xffffffff] uid[0x68] disabled)
[    0.000000] ACPI: X2APIC (apic_id[0xffffffff] uid[0x69] disabled)
[    0.000000] ACPI: X2APIC (apic_id[0xffffffff] uid[0x6a] disabled)
[    0.000000] ACPI: X2APIC (apic_id[0xffffffff] uid[0x6b] disabled)
[    0.000000] ACPI: X2APIC (apic_id[0xffffffff] uid[0x6c] disabled)
[    0.000000] ACPI: X2APIC (apic_id[0xffffffff] uid[0x6d] disabled)
[    0.000000] ACPI: X2APIC (apic_id[0xffffffff] uid[0x6e] disabled)
[    0.000000] ACPI: X2APIC (apic_id[0xffffffff] uid[0x6f] disabled)
[    0.000000] ACPI: X2APIC_NMI (uid[0xffffffff] high level lint[0x1])
[    0.000000] ACPI: LAPIC_NMI (acpi_id[0xff] dfl edge lint[0x1])
[    0.000000] ACPI: IOAPIC (id[0x08] address[0xfec00000] gsi_base[0])
[    0.000000] IOAPIC[0]: apic_id 8, version 32, address 0xfec00000, GSI 0-23
[    0.000000] ACPI: IOAPIC (id[0x09] address[0xfec01000] gsi_base[24])
[    0.000000] IOAPIC[1]: apic_id 9, version 32, address 0xfec01000, GSI 24-31
[    0.000000] ACPI: IOAPIC (id[0x0a] address[0xfec08000] gsi_base[32])
[    0.000000] IOAPIC[2]: apic_id 10, version 32, address 0xfec08000, GSI 32-39
[    0.000000] ACPI: IOAPIC (id[0x0b] address[0xfec10000] gsi_base[40])
[    0.000000] IOAPIC[3]: apic_id 11, version 32, address 0xfec10000, GSI 40-47
[    0.000000] ACPI: IOAPIC (id[0x0c] address[0xfec18000] gsi_base[48])
[    0.000000] IOAPIC[4]: apic_id 12, version 32, address 0xfec18000, GSI 48-55
[    0.000000] ACPI: IOAPIC (id[0x0f] address[0xfec20000] gsi_base[72])
[    0.000000] IOAPIC[5]: apic_id 15, version 32, address 0xfec20000, GSI 72-79
[    0.000000] ACPI: IOAPIC (id[0x10] address[0xfec28000] gsi_base[80])
[    0.000000] IOAPIC[6]: apic_id 16, version 32, address 0xfec28000, GSI 80-87
[    0.000000] ACPI: IOAPIC (id[0x11] address[0xfec30000] gsi_base[88])
[    0.000000] IOAPIC[7]: apic_id 17, version 32, address 0xfec30000, GSI 88-95
[    0.000000] ACPI: IOAPIC (id[0x12] address[0xfec38000] gsi_base[96])
[    0.000000] IOAPIC[8]: apic_id 18, version 32, address 0xfec38000, GSI 96-103
[    0.000000] ACPI: INT_SRC_OVR (bus 0 bus_irq 0 global_irq 2 dfl dfl)
[    0.000000] ACPI: INT_SRC_OVR (bus 0 bus_irq 9 global_irq 9 high level)
[    0.000000] ACPI: IRQ0 used by override.
[    0.000000] ACPI: IRQ9 used by override.
[    0.000000] Using ACPI (MADT) for SMP configuration information
[    0.000000] ACPI: HPET id: 0x8086a701 base: 0xfed00000
[    0.000000] smpboot: Allowing 224 CPUs, 144 hotplug CPUs
[    0.000000] PM: Registered nosave memory: [mem 0x0009a000-0x0009afff]
[    0.000000] PM: Registered nosave memory: [mem 0x0009b000-0x0009ffff]
[    0.000000] PM: Registered nosave memory: [mem 0x000a0000-0x000dffff]
[    0.000000] PM: Registered nosave memory: [mem 0x000e0000-0x000fffff]
[    0.000000] PM: Registered nosave memory: [mem 0x5f8e1000-0x5fb18fff]
[    0.000000] PM: Registered nosave memory: [mem 0x67844000-0x6a1f8fff]
[    0.000000] PM: Registered nosave memory: [mem 0x6a5bd000-0x6b32cfff]
[    0.000000] PM: Registered nosave memory: [mem 0x6b32d000-0x6d774fff]
[    0.000000] PM: Registered nosave memory: [mem 0x70000000-0x8fffffff]
[    0.000000] PM: Registered nosave memory: [mem 0x90000000-0xfcffffff]
[    0.000000] PM: Registered nosave memory: [mem 0xfd000000-0xfe7fffff]
[    0.000000] PM: Registered nosave memory: [mem 0xfe800000-0xfed1ffff]
[    0.000000] PM: Registered nosave memory: [mem 0xfed20000-0xfed44fff]
[    0.000000] PM: Registered nosave memory: [mem 0xfed45000-0xfeffffff]
[    0.000000] PM: Registered nosave memory: [mem 0xff000000-0xffffffff]
[    0.000000] e820: [mem 0x90000000-0xfcffffff] available for PCI devices
[    0.000000] Booting paravirtualized kernel on bare hardware
[    0.000000] Detected CPU family 6 model 85 stepping 7
[    0.000000] Warning: Intel Processor - this hardware has not undergone testing by Red Hat and might not be certified. Please consult https://hardware.redhat.com for certified hardware.
[    0.000000] setup_percpu: NR_CPUS:5120 nr_cpumask_bits:224 nr_cpu_ids:224 nr_node_ids:2
[    0.000000] PERCPU: Embedded 38 pages/cpu @ffff89c29f600000 s118784 r8192 d28672 u262144
[    0.000000] pcpu-alloc: s118784 r8192 d28672 u262144 alloc=1*2097152
[    0.000000] pcpu-alloc: [0] 000 001 002 003 004 005 006 007 
[    0.000000] pcpu-alloc: [0] 008 009 010 011 012 013 014 015 
[    0.000000] pcpu-alloc: [0] 016 017 018 019 040 041 042 043 
[    0.000000] pcpu-alloc: [0] 044 045 046 047 048 049 050 051 
[    0.000000] pcpu-alloc: [0] 052 053 054 055 056 057 058 059 
[    0.000000] pcpu-alloc: [0] 080 082 084 086 088 090 092 094 
[    0.000000] pcpu-alloc: [0] 096 098 100 102 104 106 108 110 
[    0.000000] pcpu-alloc: [0] 112 114 116 118 120 122 124 126 
[    0.000000] pcpu-alloc: [0] 128 130 132 134 136 138 140 142 
[    0.000000] pcpu-alloc: [0] 144 146 148 150 152 154 156 158 
[    0.000000] pcpu-alloc: [0] 160 162 164 166 168 170 172 174 
[    0.000000] pcpu-alloc: [0] 176 178 180 182 184 186 188 190 
[    0.000000] pcpu-alloc: [0] 192 194 196 198 200 202 204 206 
[    0.000000] pcpu-alloc: [0] 208 210 212 214 216 218 220 222 
[    0.000000] pcpu-alloc: [1] 020 021 022 023 024 025 026 027 
[    0.000000] pcpu-alloc: [1] 028 029 030 031 032 033 034 035 
[    0.000000] pcpu-alloc: [1] 036 037 038 039 060 061 062 063 
[    0.000000] pcpu-alloc: [1] 064 065 066 067 068 069 070 071 
[    0.000000] pcpu-alloc: [1] 072 073 074 075 076 077 078 079 
[    0.000000] pcpu-alloc: [1] 081 083 085 087 089 091 093 095 
[    0.000000] pcpu-alloc: [1] 097 099 101 103 105 107 109 111 
[    0.000000] pcpu-alloc: [1] 113 115 117 119 121 123 125 127 
[    0.000000] pcpu-alloc: [1] 129 131 133 135 137 139 141 143 
[    0.000000] pcpu-alloc: [1] 145 147 149 151 153 155 157 159 
[    0.000000] pcpu-alloc: [1] 161 163 165 167 169 171 173 175 
[    0.000000] pcpu-alloc: [1] 177 179 181 183 185 187 189 191 
[    0.000000] pcpu-alloc: [1] 193 195 197 199 201 203 205 207 
[    0.000000] pcpu-alloc: [1] 209 211 213 215 217 219 221 223 
[    0.000000] Built 2 zonelists in Zone order, mobility grouping on.  Total pages: 49198933
[    0.000000] Policy zone: Normal
[    0.000000] Kernel command line: BOOT_IMAGE=/boot/vmlinuz-3.10.0-957.el7.x86_64 root=UUID=424ed610-946d-478b-8175-02f9b834842e ro intel_idle.max_cstate=0 idle=poll processor.max_cstate=1 intel_pstate=disable rdloaddriver=mlx5_core rdloaddriver=i40e rdloaddriver=ixgbe rdloaddriver=igb rdloaddriver=e1000e crashkernel=256M@16M biosdevname=0 ipv6.disable=1 net.ifnames=0 rhgb quiet
[    0.000000] PID hash table entries: 4096 (order: 3, 32768 bytes)
[    0.000000] x86/fpu: xstate_offset[2]: 0240, xstate_sizes[2]: 0100
[    0.000000] x86/fpu: xstate_offset[3]: 03c0, xstate_sizes[3]: 0040
[    0.000000] x86/fpu: xstate_offset[4]: 0400, xstate_sizes[4]: 0040
[    0.000000] x86/fpu: xstate_offset[5]: 0440, xstate_sizes[5]: 0040
[    0.000000] x86/fpu: xstate_offset[6]: 0480, xstate_sizes[6]: 0200
[    0.000000] x86/fpu: xstate_offset[7]: 0680, xstate_sizes[7]: 0400
[    0.000000] x86/fpu: xstate_offset[8]: 0000, xstate_sizes[8]: 0080
[    0.000000] x86/fpu: xstate_offset[9]: 0a80, xstate_sizes[9]: 0008
[    0.000000] xsave: enabled xstate_bv 0x2ff, cntxt size 0xa88 using standard form
[    0.000000] Memory: 5586692k/202375168k available (7664k kernel code, 2455600k absent, 3525684k reserved, 6055k data, 1876k init)
[    0.000000] SLUB: HWalign=64, Order=0-3, MinObjects=0, CPUs=224, Nodes=2
[    0.000000] Hierarchical RCU implementation.
[    0.000000] 	RCU restricting CPUs from NR_CPUS=5120 to nr_cpu_ids=224.
[    0.000000] NR_IRQS:327936 nr_irqs:3576 0
[    0.000000] Console: colour VGA+ 80x25
[    0.000000] console [tty0] enabled
[    0.000000] allocated 800063488 bytes of page_cgroup
[    0.000000] please try 'cgroup_disable=memory' option if you don't want memory cgroups
[    0.000000] Enabling automatic NUMA balancing. Configure with numa_balancing= or the kernel.numa_balancing sysctl
[    0.000000] hpet clockevent registered
[    0.000000] tsc: Detected 2100.000 MHz processor
[    0.000093] Calibrating delay loop (skipped), value calculated using timer frequency.. 4200.00 BogoMIPS (lpj=2100000)
[    0.000095] pid_max: default: 229376 minimum: 1792
[    0.000681] Security Framework initialized
[    0.000690] SELinux:  Initializing.
[    0.000895] SELinux:  Starting in permissive mode
[    0.000896] Yama: becoming mindful.
[    0.015511] Dentry cache hash table entries: 33554432 (order: 16, 268435456 bytes)
[    0.065344] Inode-cache hash table entries: 16777216 (order: 15, 134217728 bytes)
[    0.090966] Mount-cache hash table entries: 524288 (order: 10, 4194304 bytes)
[    0.091191] Mountpoint-cache hash table entries: 524288 (order: 10, 4194304 bytes)
[    0.093594] Initializing cgroup subsys memory
[    0.093633] Initializing cgroup subsys devices
[    0.093634] Initializing cgroup subsys freezer
[    0.093636] Initializing cgroup subsys net_cls
[    0.093637] Initializing cgroup subsys blkio
[    0.093638] Initializing cgroup subsys perf_event
[    0.093671] Initializing cgroup subsys hugetlb
[    0.093672] Initializing cgroup subsys pids
[    0.093673] Initializing cgroup subsys net_prio
[    0.093874] ENERGY_PERF_BIAS: Set to 'normal', was 'performance'
[    0.093874] ENERGY_PERF_BIAS: View and update with x86_energy_perf_policy(8)
[    0.094939] mce: CPU supports 20 MCE banks
[    0.095000] CPU0: Thermal monitoring enabled (TM1)
[    0.095025] process: WARNING: polling idle and HT enabled, performance may degrade
[    0.095028] Last level iTLB entries: 4KB 0, 2MB 0, 4MB 0
[    0.095028] Last level dTLB entries: 4KB 64, 2MB 0, 4MB 0
[    0.095029] tlb_flushall_shift: 6
[    0.095072] Speculative Store Bypass: Mitigation: Speculative Store Bypass disabled via prctl and seccomp
[    0.095090] FEATURE SPEC_CTRL Present
[    0.095091] FEATURE IBPB_SUPPORT Present
[    0.095117] Spectre V2 : Mitigation: Enhanced IBRS
[    0.096285] Freeing SMP alternatives: 28k freed
[    0.098261] ACPI: Core revision 20130517
[    0.125798] ACPI: All ACPI Tables successfully acquired
[    0.140743] ftrace: allocating 29185 entries in 115 pages
[    0.153238] DMAR: Host address width 46
[    0.153241] DMAR: DRHD base: 0x000000d37fc000 flags: 0x0
[    0.153250] DMAR: dmar0: reg_base_addr d37fc000 ver 1:0 cap 8d2078c106f0466 ecap f020df
[    0.153251] DMAR: DRHD base: 0x000000e0ffc000 flags: 0x0
[    0.153255] DMAR: dmar1: reg_base_addr e0ffc000 ver 1:0 cap 8d2078c106f0466 ecap f020df
[    0.153256] DMAR: DRHD base: 0x000000ee7fc000 flags: 0x0
[    0.153260] DMAR: dmar2: reg_base_addr ee7fc000 ver 1:0 cap 8d2078c106f0466 ecap f020df
[    0.153261] DMAR: DRHD base: 0x000000fbffc000 flags: 0x0
[    0.153265] DMAR: dmar3: reg_base_addr fbffc000 ver 1:0 cap 8d2078c106f0466 ecap f020df
[    0.153266] DMAR: DRHD base: 0x000000aaffc000 flags: 0x0
[    0.153270] DMAR: dmar4: reg_base_addr aaffc000 ver 1:0 cap 8d2078c106f0466 ecap f020df
[    0.153271] DMAR: DRHD base: 0x000000b87fc000 flags: 0x0
[    0.153274] DMAR: dmar5: reg_base_addr b87fc000 ver 1:0 cap 8d2078c106f0466 ecap f020df
[    0.153275] DMAR: DRHD base: 0x000000c5ffc000 flags: 0x0
[    0.153279] DMAR: dmar6: reg_base_addr c5ffc000 ver 1:0 cap 8d2078c106f0466 ecap f020df
[    0.153279] DMAR: DRHD base: 0x0000009d7fc000 flags: 0x1
[    0.153284] DMAR: dmar7: reg_base_addr 9d7fc000 ver 1:0 cap 8d2078c106f0466 ecap f020df
[    0.153285] DMAR: RMRR base: 0x0000006d26c000 end: 0x0000006d27cfff
[    0.153286] DMAR: ATSR flags: 0x0
[    0.153287] DMAR: ATSR flags: 0x0
[    0.153288] DMAR: RHSA base: 0x0000009d7fc000 proximity domain: 0x0
[    0.153289] DMAR: RHSA base: 0x000000aaffc000 proximity domain: 0x0
[    0.153289] DMAR: RHSA base: 0x000000b87fc000 proximity domain: 0x0
[    0.153290] DMAR: RHSA base: 0x000000c5ffc000 proximity domain: 0x0
[    0.153291] DMAR: RHSA base: 0x000000d37fc000 proximity domain: 0x1
[    0.153291] DMAR: RHSA base: 0x000000e0ffc000 proximity domain: 0x1
[    0.153292] DMAR: RHSA base: 0x000000ee7fc000 proximity domain: 0x1
[    0.153293] DMAR: RHSA base: 0x000000fbffc000 proximity domain: 0x1
[    0.153295] DMAR-IR: IOAPIC id 12 under DRHD base  0xc5ffc000 IOMMU 6
[    0.153296] DMAR-IR: IOAPIC id 11 under DRHD base  0xb87fc000 IOMMU 5
[    0.153297] DMAR-IR: IOAPIC id 10 under DRHD base  0xaaffc000 IOMMU 4
[    0.153298] DMAR-IR: IOAPIC id 18 under DRHD base  0xfbffc000 IOMMU 3
[    0.153299] DMAR-IR: IOAPIC id 17 under DRHD base  0xee7fc000 IOMMU 2
[    0.153300] DMAR-IR: IOAPIC id 16 under DRHD base  0xe0ffc000 IOMMU 1
[    0.153300] DMAR-IR: IOAPIC id 15 under DRHD base  0xd37fc000 IOMMU 0
[    0.153302] DMAR-IR: IOAPIC id 8 under DRHD base  0x9d7fc000 IOMMU 7
[    0.153303] DMAR-IR: IOAPIC id 9 under DRHD base  0x9d7fc000 IOMMU 7
[    0.153304] DMAR-IR: HPET id 0 under DRHD base 0x9d7fc000
[    0.153305] DMAR-IR: Queued invalidation will be enabled to support x2apic and Intr-remapping.
[    0.155925] DMAR-IR: Enabled IRQ remapping in x2apic mode
[    0.155926] Enabling x2apic
[    0.155927] Enabled x2apic
[    0.155935] Switched APIC routing to cluster x2apic.
[    0.157483] ..TIMER: vector=0x30 apic1=0 pin1=2 apic2=-1 pin2=-1
[    0.167485] smpboot: CPU0: Intel(R) Xeon(R) Gold 5218R CPU @ 2.10GHz (fam: 06, model: 55, stepping: 07)
[    0.167493] TSC deadline timer enabled
[    0.167527] Performance Events: PEBS fmt3+, Skylake events, 32-deep LBR, full-width counters, Intel PMU driver.
[    0.167556] ... version:                4
[    0.167556] ... bit width:              48
[    0.167557] ... generic registers:      4
[    0.167558] ... value mask:             0000ffffffffffff
[    0.167558] ... max period:             00007fffffffffff
[    0.167559] ... fixed-purpose events:   3
[    0.167560] ... event mask:             000000070000000f
[    0.179859] NMI watchdog: enabled on all CPUs, permanently consumes one hw-PMU counter.
[    0.172041] smpboot: Booting Node   0, Processors  #1 #2 #3 #4 #5 #6 #7 #8 #9 #10 #11 #12 #13 #14 #15 #16 #17 #18 #19 OK
[    0.242274] smpboot: Booting Node   1, Processors  #20 #21 #22 #23 #24 #25 #26 #27 #28 #29 #30 #31 #32 #33 #34 #35 #36 #37 #38 #39 OK
[    0.389344] smpboot: Booting Node   0, Processors  #40 #41 #42 #43 #44 #45 #46 #47 #48 #49 #50 #51 #52 #53 #54 #55 #56 #57 #58 #59 OK
[    0.458348] smpboot: Booting Node   1, Processors  #60 #61 #62 #63 #64 #65 #66 #67 #68 #69 #70 #71 #72 #73 #74 #75 #76 #77 #78 #79
[    0.526086] Brought up 80 CPUs
[    0.526089] smpboot: Max logical packages: 6
[    0.526094] smpboot: Total of 80 processors activated (336196.40 BogoMIPS)
[    1.430188] node 0 initialised, 23462624 pages in 523ms
[    1.449826] node 1 initialised, 24239170 pages in 543ms
[    1.450433] devtmpfs: initialized
[    1.469806] EVM: security.selinux
[    1.469808] EVM: security.ima
[    1.469809] EVM: security.capability
[    1.470002] PM: Registering ACPI NVS region [mem 0x5f8e1000-0x5fb18fff] (2326528 bytes)
[    1.470031] PM: Registering ACPI NVS region [mem 0x6a5bd000-0x6b32cfff] (14090240 bytes)
[    1.471817] atomic64 test passed for x86-64 platform with CX8 and with SSE
[    1.471820] pinctrl core: initialized pinctrl subsystem
[    1.472033] RTC time: 15:47:20, date: 05/23/23
[    1.472331] NET: Registered protocol family 16
[    1.472814] ACPI FADT declares the system doesn't support PCIe ASPM, so disable it
[    1.472816] ACPI: bus type PCI registered
[    1.472818] acpiphp: ACPI Hot Plug PCI Controller Driver version: 0.5
[    1.473150] PCI: MMCONFIG for domain 0000 [bus 00-ff] at [mem 0x80000000-0x8fffffff] (base 0x80000000)
[    1.473152] PCI: MMCONFIG at [mem 0x80000000-0x8fffffff] reserved in E820
[    1.473173] PCI: Using configuration type 1 for base access
[    1.485386] ACPI: Added _OSI(Module Device)
[    1.485388] ACPI: Added _OSI(Processor Device)
[    1.485389] ACPI: Added _OSI(3.0 _SCP Extensions)
[    1.485390] ACPI: Added _OSI(Processor Aggregator Device)
[    1.485391] ACPI: Added _OSI(Linux-Dell-Video)
[    1.492796] ACPI: EC: Look up EC in DSDT
[    1.514303] ACPI: [Firmware Bug]: BIOS _OSI(Linux) query ignored
[    1.714745] ACPI: Dynamic OEM Table Load:
[    1.714748] ACPI: OEM1           (null) 16984 (v02  INTEL CPU EIST 00003000 INTL 20140828)
[    1.743401] ACPI: Interpreter enabled
[    1.743417] ACPI: (supports S0 S5)
[    1.743419] ACPI: Using IOAPIC for interrupt routing
[    1.743467] HEST: Table parsing has been initialized.
[    1.743470] PCI: Using host bridge windows from ACPI; if necessary, use "pci=nocrs" and report a bug
[    1.743520] ACPI: Enabled 6 GPEs in block 00 to 7F
[    1.791342] ACPI: PCI Root Bridge [PC00] (domain 0000 [bus 00-16])
[    1.791348] acpi PNP0A08:00: _OSC: OS supports [ExtendedConfig ASPM ClockPM Segments MSI]
[    1.791432] acpi PNP0A08:00: _OSC: platform does not support [SHPCHotplug AER]
[    1.791506] acpi PNP0A08:00: _OSC: OS now controls [PCIeHotplug PME PCIeCapability]
[    1.791507] acpi PNP0A08:00: FADT indicates ASPM is unsupported, using BIOS configuration
[    1.791928] PCI host bridge to bus 0000:00
[    1.791931] pci_bus 0000:00: root bus resource [io  0x0000-0x03af window]
[    1.791932] pci_bus 0000:00: root bus resource [io  0x03e0-0x0cf7 window]
[    1.791934] pci_bus 0000:00: root bus resource [io  0x03b0-0x03bb window]
[    1.791935] pci_bus 0000:00: root bus resource [io  0x03c0-0x03df window]
[    1.791936] pci_bus 0000:00: root bus resource [io  0x1000-0x3fff window]
[    1.791938] pci_bus 0000:00: root bus resource [mem 0x000a0000-0x000bffff window]
[    1.791939] pci_bus 0000:00: root bus resource [mem 0x000c4000-0x000c7fff window]
[    1.791941] pci_bus 0000:00: root bus resource [mem 0xfe010000-0xfe010fff window]
[    1.791942] pci_bus 0000:00: root bus resource [mem 0x90000000-0x9d7fffff window]
[    1.791944] pci_bus 0000:00: root bus resource [bus 00-16]
[    1.791952] pci 0000:00:00.0: [8086:2020] type 00 class 0x060000
[    1.792091] pci 0000:00:04.0: [8086:2021] type 00 class 0x088000
[    1.792101] pci 0000:00:04.0: reg 0x10: [mem 0x9c230000-0x9c233fff 64bit]
[    1.792214] pci 0000:00:04.1: [8086:2021] type 00 class 0x088000
[    1.792223] pci 0000:00:04.1: reg 0x10: [mem 0x9c22c000-0x9c22ffff 64bit]
[    1.792331] pci 0000:00:04.2: [8086:2021] type 00 class 0x088000
[    1.792340] pci 0000:00:04.2: reg 0x10: [mem 0x9c228000-0x9c22bfff 64bit]
[    1.792449] pci 0000:00:04.3: [8086:2021] type 00 class 0x088000
[    1.792457] pci 0000:00:04.3: reg 0x10: [mem 0x9c224000-0x9c227fff 64bit]
[    1.792564] pci 0000:00:04.4: [8086:2021] type 00 class 0x088000
[    1.792572] pci 0000:00:04.4: reg 0x10: [mem 0x9c220000-0x9c223fff 64bit]
[    1.792680] pci 0000:00:04.5: [8086:2021] type 00 class 0x088000
[    1.792688] pci 0000:00:04.5: reg 0x10: [mem 0x9c21c000-0x9c21ffff 64bit]
[    1.792794] pci 0000:00:04.6: [8086:2021] type 00 class 0x088000
[    1.792803] pci 0000:00:04.6: reg 0x10: [mem 0x9c218000-0x9c21bfff 64bit]
[    1.792910] pci 0000:00:04.7: [8086:2021] type 00 class 0x088000
[    1.792919] pci 0000:00:04.7: reg 0x10: [mem 0x9c214000-0x9c217fff 64bit]
[    1.793024] pci 0000:00:05.0: [8086:2024] type 00 class 0x088000
[    1.793127] pci 0000:00:05.2: [8086:2025] type 00 class 0x088000
[    1.793229] pci 0000:00:05.4: [8086:2026] type 00 class 0x080020
[    1.793236] pci 0000:00:05.4: reg 0x10: [mem 0x9c23e000-0x9c23efff]
[    1.793343] pci 0000:00:08.0: [8086:2014] type 00 class 0x088000
[    1.793435] pci 0000:00:08.1: [8086:2015] type 00 class 0x110100
[    1.793520] pci 0000:00:08.2: [8086:2016] type 00 class 0x088000
[    1.793619] pci 0000:00:11.0: [8086:a1ec] type 00 class 0xff0000
[    1.793778] pci 0000:00:11.1: [8086:a1ed] type 00 class 0xff0000
[    1.793939] pci 0000:00:11.5: [8086:a1d2] type 00 class 0x010601
[    1.793952] pci 0000:00:11.5: reg 0x10: [mem 0x9c236000-0x9c237fff]
[    1.793959] pci 0000:00:11.5: reg 0x14: [mem 0x9c23d000-0x9c23d0ff]
[    1.793966] pci 0000:00:11.5: reg 0x18: [io  0x3070-0x3077]
[    1.793973] pci 0000:00:11.5: reg 0x1c: [io  0x3060-0x3063]
[    1.793980] pci 0000:00:11.5: reg 0x20: [io  0x3020-0x303f]
[    1.793987] pci 0000:00:11.5: reg 0x24: [mem 0x9c180000-0x9c1fffff]
[    1.794022] pci 0000:00:11.5: PME# supported from D3hot
[    1.794146] pci 0000:00:14.0: [8086:a1af] type 00 class 0x0c0330
[    1.794163] pci 0000:00:14.0: reg 0x10: [mem 0x9c200000-0x9c20ffff 64bit]
[    1.794224] pci 0000:00:14.0: PME# supported from D3hot D3cold
[    1.794314] pci 0000:00:14.0: System wakeup disabled by ACPI
[    1.794346] pci 0000:00:14.2: [8086:a1b1] type 00 class 0x118000
[    1.794362] pci 0000:00:14.2: reg 0x10: [mem 0x9c23c000-0x9c23cfff 64bit]
[    1.794507] pci 0000:00:16.0: [8086:a1ba] type 00 class 0x078000
[    1.794529] pci 0000:00:16.0: reg 0x10: [mem 0x9c23b000-0x9c23bfff 64bit]
[    1.794609] pci 0000:00:16.0: PME# supported from D3hot
[    1.794698] pci 0000:00:16.1: [8086:a1bb] type 00 class 0x078000
[    1.794720] pci 0000:00:16.1: reg 0x10: [mem 0x9c23a000-0x9c23afff 64bit]
[    1.794801] pci 0000:00:16.1: PME# supported from D3hot
[    1.794892] pci 0000:00:16.4: [8086:a1be] type 00 class 0x078000
[    1.794915] pci 0000:00:16.4: reg 0x10: [mem 0x9c239000-0x9c239fff 64bit]
[    1.794995] pci 0000:00:16.4: PME# supported from D3hot
[    1.795084] pci 0000:00:17.0: [8086:a182] type 00 class 0x010601
[    1.795097] pci 0000:00:17.0: reg 0x10: [mem 0x9c234000-0x9c235fff]
[    1.795104] pci 0000:00:17.0: reg 0x14: [mem 0x9c238000-0x9c2380ff]
[    1.795111] pci 0000:00:17.0: reg 0x18: [io  0x3050-0x3057]
[    1.795118] pci 0000:00:17.0: reg 0x1c: [io  0x3040-0x3043]
[    1.795125] pci 0000:00:17.0: reg 0x20: [io  0x3000-0x301f]
[    1.795131] pci 0000:00:17.0: reg 0x24: [mem 0x9c100000-0x9c17ffff]
[    1.795166] pci 0000:00:17.0: PME# supported from D3hot
[    1.795282] pci 0000:00:1c.0: [8086:a190] type 01 class 0x060400
[    1.795336] pci 0000:00:1c.0: PME# supported from D0 D3hot D3cold
[    1.795396] pci 0000:00:1c.0: System wakeup disabled by ACPI
[    1.795431] pci 0000:00:1c.5: [8086:a195] type 01 class 0x060400
[    1.795486] pci 0000:00:1c.5: PME# supported from D0 D3hot D3cold
[    1.795550] pci 0000:00:1c.5: System wakeup disabled by ACPI
[    1.795585] pci 0000:00:1f.0: [8086:a1c2] type 00 class 0x060100
[    1.795777] pci 0000:00:1f.2: [8086:a1a1] type 00 class 0x058000
[    1.795788] pci 0000:00:1f.2: reg 0x10: [mem 0x9c210000-0x9c213fff]
[    1.795934] pci 0000:00:1f.4: [8086:a1a3] type 00 class 0x0c0500
[    1.795949] pci 0000:00:1f.4: reg 0x10: [mem 0x00000000-0x000000ff 64bit]
[    1.795971] pci 0000:00:1f.4: reg 0x20: [io  0x0780-0x079f]
[    1.796070] pci 0000:00:1f.5: [8086:a1a4] type 00 class 0x0c8000
[    1.796082] pci 0000:00:1f.5: reg 0x10: [mem 0xfe010000-0xfe010fff]
[    1.796252] pci 0000:00:1c.0: PCI bridge to [bus 01]
[    1.796310] pci 0000:02:00.0: [1a03:1150] type 01 class 0x060400
[    1.796404] pci 0000:02:00.0: supports D1 D2
[    1.796405] pci 0000:02:00.0: PME# supported from D0 D1 D2 D3hot D3cold
[    1.796464] pci 0000:00:1c.5: PCI bridge to [bus 02-03]
[    1.796467] pci 0000:00:1c.5:   bridge window [io  0x2000-0x2fff]
[    1.796470] pci 0000:00:1c.5:   bridge window [mem 0x98000000-0x9c0fffff]
[    1.796527] pci 0000:03:00.0: [1a03:2000] type 00 class 0x030000
[    1.796548] pci 0000:03:00.0: reg 0x10: [mem 0x98000000-0x9bffffff]
[    1.796559] pci 0000:03:00.0: reg 0x14: [mem 0x9c000000-0x9c01ffff]
[    1.796570] pci 0000:03:00.0: reg 0x18: [io  0x2000-0x207f]
[    1.796655] pci 0000:03:00.0: supports D1 D2
[    1.796656] pci 0000:03:00.0: PME# supported from D0 D1 D2 D3hot D3cold
[    1.796737] pci 0000:02:00.0: PCI bridge to [bus 03]
[    1.796743] pci 0000:02:00.0:   bridge window [io  0x2000-0x2fff]
[    1.796747] pci 0000:02:00.0:   bridge window [mem 0x98000000-0x9c0fffff]
[    1.796767] pci_bus 0000:00: on NUMA node 0
[    1.797342] ACPI: PCI Root Bridge [PC01] (domain 0000 [bus 17-39])
[    1.797345] acpi PNP0A08:01: _OSC: OS supports [ExtendedConfig ASPM ClockPM Segments MSI]
[    1.797660] acpi PNP0A08:01: _OSC: platform does not support [SHPCHotplug AER]
[    1.797836] acpi PNP0A08:01: _OSC: OS now controls [PCIeHotplug PME PCIeCapability]
[    1.797837] acpi PNP0A08:01: FADT indicates ASPM is unsupported, using BIOS configuration
[    1.797988] PCI host bridge to bus 0000:17
[    1.797990] pci_bus 0000:17: root bus resource [io  0x4000-0x5fff window]
[    1.797992] pci_bus 0000:17: root bus resource [mem 0x9d800000-0xaaffffff window]
[    1.797993] pci_bus 0000:17: root bus resource [bus 17-39]
[    1.798001] pci 0000:17:00.0: [8086:2030] type 01 class 0x060400
[    1.798047] pci 0000:17:00.0: PME# supported from D0 D3hot D3cold
[    1.798080] pci 0000:17:00.0: System wakeup disabled by ACPI
[    1.798111] pci 0000:17:05.0: [8086:2034] type 00 class 0x088000
[    1.798183] pci 0000:17:05.2: [8086:2035] type 00 class 0x088000
[    1.798257] pci 0000:17:05.4: [8086:2036] type 00 class 0x080020
[    1.798263] pci 0000:17:05.4: reg 0x10: [mem 0xaaf00000-0xaaf00fff]
[    1.798336] pci 0000:17:08.0: [8086:208d] type 00 class 0x088000
[    1.798391] pci 0000:17:08.1: [8086:208d] type 00 class 0x088000
[    1.798443] pci 0000:17:08.2: [8086:208d] type 00 class 0x088000
[    1.798493] pci 0000:17:08.3: [8086:208d] type 00 class 0x088000
[    1.798544] pci 0000:17:08.4: [8086:208d] type 00 class 0x088000
[    1.798594] pci 0000:17:08.5: [8086:208d] type 00 class 0x088000
[    1.798645] pci 0000:17:08.6: [8086:208d] type 00 class 0x088000
[    1.798695] pci 0000:17:08.7: [8086:208d] type 00 class 0x088000
[    1.798747] pci 0000:17:09.0: [8086:208d] type 00 class 0x088000
[    1.798800] pci 0000:17:09.1: [8086:208d] type 00 class 0x088000
[    1.798851] pci 0000:17:09.2: [8086:208d] type 00 class 0x088000
[    1.798902] pci 0000:17:09.3: [8086:208d] type 00 class 0x088000
[    1.798953] pci 0000:17:09.4: [8086:208d] type 00 class 0x088000
[    1.799003] pci 0000:17:09.5: [8086:208d] type 00 class 0x088000
[    1.799055] pci 0000:17:09.6: [8086:208d] type 00 class 0x088000
[    1.799105] pci 0000:17:09.7: [8086:208d] type 00 class 0x088000
[    1.799158] pci 0000:17:0a.0: [8086:208d] type 00 class 0x088000
[    1.799212] pci 0000:17:0a.1: [8086:208d] type 00 class 0x088000
[    1.799265] pci 0000:17:0a.2: [8086:208d] type 00 class 0x088000
[    1.799316] pci 0000:17:0a.3: [8086:208d] type 00 class 0x088000
[    1.799369] pci 0000:17:0a.4: [8086:208d] type 00 class 0x088000
[    1.799419] pci 0000:17:0a.5: [8086:208d] type 00 class 0x088000
[    1.799471] pci 0000:17:0a.6: [8086:208d] type 00 class 0x088000
[    1.799523] pci 0000:17:0a.7: [8086:208d] type 00 class 0x088000
[    1.799574] pci 0000:17:0b.0: [8086:208d] type 00 class 0x088000
[    1.799628] pci 0000:17:0b.1: [8086:208d] type 00 class 0x088000
[    1.799680] pci 0000:17:0b.2: [8086:208d] type 00 class 0x088000
[    1.799731] pci 0000:17:0b.3: [8086:208d] type 00 class 0x088000
[    1.799787] pci 0000:17:0e.0: [8086:208e] type 00 class 0x088000
[    1.799841] pci 0000:17:0e.1: [8086:208e] type 00 class 0x088000
[    1.799893] pci 0000:17:0e.2: [8086:208e] type 00 class 0x088000
[    1.799943] pci 0000:17:0e.3: [8086:208e] type 00 class 0x088000
[    1.799994] pci 0000:17:0e.4: [8086:208e] type 00 class 0x088000
[    1.800043] pci 0000:17:0e.5: [8086:208e] type 00 class 0x088000
[    1.800094] pci 0000:17:0e.6: [8086:208e] type 00 class 0x088000
[    1.800144] pci 0000:17:0e.7: [8086:208e] type 00 class 0x088000
[    1.800195] pci 0000:17:0f.0: [8086:208e] type 00 class 0x088000
[    1.800250] pci 0000:17:0f.1: [8086:208e] type 00 class 0x088000
[    1.800303] pci 0000:17:0f.2: [8086:208e] type 00 class 0x088000
[    1.800353] pci 0000:17:0f.3: [8086:208e] type 00 class 0x088000
[    1.800405] pci 0000:17:0f.4: [8086:208e] type 00 class 0x088000
[    1.800455] pci 0000:17:0f.5: [8086:208e] type 00 class 0x088000
[    1.800507] pci 0000:17:0f.6: [8086:208e] type 00 class 0x088000
[    1.800557] pci 0000:17:0f.7: [8086:208e] type 00 class 0x088000
[    1.800610] pci 0000:17:10.0: [8086:208e] type 00 class 0x088000
[    1.800664] pci 0000:17:10.1: [8086:208e] type 00 class 0x088000
[    1.800717] pci 0000:17:10.2: [8086:208e] type 00 class 0x088000
[    1.800768] pci 0000:17:10.3: [8086:208e] type 00 class 0x088000
[    1.800821] pci 0000:17:10.4: [8086:208e] type 00 class 0x088000
[    1.800871] pci 0000:17:10.5: [8086:208e] type 00 class 0x088000
[    1.800923] pci 0000:17:10.6: [8086:208e] type 00 class 0x088000
[    1.800973] pci 0000:17:10.7: [8086:208e] type 00 class 0x088000
[    1.801025] pci 0000:17:11.0: [8086:208e] type 00 class 0x088000
[    1.801080] pci 0000:17:11.1: [8086:208e] type 00 class 0x088000
[    1.801134] pci 0000:17:11.2: [8086:208e] type 00 class 0x088000
[    1.801186] pci 0000:17:11.3: [8086:208e] type 00 class 0x088000
[    1.801254] pci 0000:17:1d.0: [8086:2054] type 00 class 0x088000
[    1.801311] pci 0000:17:1d.1: [8086:2055] type 00 class 0x088000
[    1.801366] pci 0000:17:1d.2: [8086:2056] type 00 class 0x088000
[    1.801418] pci 0000:17:1d.3: [8086:2057] type 00 class 0x088000
[    1.801475] pci 0000:17:1e.0: [8086:2080] type 00 class 0x088000
[    1.801529] pci 0000:17:1e.1: [8086:2081] type 00 class 0x088000
[    1.801583] pci 0000:17:1e.2: [8086:2082] type 00 class 0x088000
[    1.801634] pci 0000:17:1e.3: [8086:2083] type 00 class 0x088000
[    1.801688] pci 0000:17:1e.4: [8086:2084] type 00 class 0x088000
[    1.801740] pci 0000:17:1e.5: [8086:2085] type 00 class 0x088000
[    1.801792] pci 0000:17:1e.6: [8086:2086] type 00 class 0x088000
[    1.801882] pci 0000:18:00.0: [8086:37c0] type 01 class 0x060400
[    1.801895] pci 0000:18:00.0: reg 0x10: [mem 0xaae00000-0xaae1ffff 64bit]
[    1.801901] pci 0000:18:00.0: reg 0x38: [mem 0xaad00000-0xaadfffff pref]
[    1.801940] pci 0000:18:00.0: PME# supported from D0 D3hot D3cold
[    1.804231] pci 0000:17:00.0: PCI bridge to [bus 18-19]
[    1.804234] pci 0000:17:00.0:   bridge window [mem 0xaad00000-0xaaefffff]
[    1.804289] pci 0000:18:00.0: PCI bridge to [bus 19]
[    1.804305] pci_bus 0000:17: on NUMA node 0
[    1.804391] ACPI: PCI Root Bridge [PC02] (domain 0000 [bus 3a-5c])
[    1.804394] acpi PNP0A08:02: _OSC: OS supports [ExtendedConfig ASPM ClockPM Segments MSI]
[    1.804706] acpi PNP0A08:02: _OSC: platform does not support [SHPCHotplug AER]
[    1.804865] acpi PNP0A08:02: _OSC: OS now controls [PCIeHotplug PME PCIeCapability]
[    1.804867] acpi PNP0A08:02: FADT indicates ASPM is unsupported, using BIOS configuration
[    1.804994] PCI host bridge to bus 0000:3a
[    1.804996] pci_bus 0000:3a: root bus resource [io  0x6000-0x7fff window]
[    1.804997] pci_bus 0000:3a: root bus resource [mem 0xab000000-0xb87fffff window]
[    1.804999] pci_bus 0000:3a: root bus resource [bus 3a-5c]
[    1.805006] pci 0000:3a:00.0: [8086:2030] type 01 class 0x060400
[    1.805050] pci 0000:3a:00.0: PME# supported from D0 D3hot D3cold
[    1.805077] pci 0000:3a:00.0: System wakeup disabled by ACPI
[    1.805109] pci 0000:3a:05.0: [8086:2034] type 00 class 0x088000
[    1.805176] pci 0000:3a:05.2: [8086:2035] type 00 class 0x088000
[    1.805240] pci 0000:3a:05.4: [8086:2036] type 00 class 0x080020
[    1.805246] pci 0000:3a:05.4: reg 0x10: [mem 0xb8700000-0xb8700fff]
[    1.805316] pci 0000:3a:08.0: [8086:2066] type 00 class 0x088000
[    1.805376] pci 0000:3a:09.0: [8086:2066] type 00 class 0x088000
[    1.805440] pci 0000:3a:0a.0: [8086:2040] type 00 class 0x088000
[    1.805499] pci 0000:3a:0a.1: [8086:2041] type 00 class 0x088000
[    1.805556] pci 0000:3a:0a.2: [8086:2042] type 00 class 0x088000
[    1.805611] pci 0000:3a:0a.3: [8086:2043] type 00 class 0x088000
[    1.805668] pci 0000:3a:0a.4: [8086:2044] type 00 class 0x088000
[    1.805723] pci 0000:3a:0a.5: [8086:2045] type 00 class 0x088000
[    1.805779] pci 0000:3a:0a.6: [8086:2046] type 00 class 0x088000
[    1.805835] pci 0000:3a:0a.7: [8086:2047] type 00 class 0x088000
[    1.805891] pci 0000:3a:0b.0: [8086:2048] type 00 class 0x088000
[    1.805949] pci 0000:3a:0b.1: [8086:2049] type 00 class 0x088000
[    1.806006] pci 0000:3a:0b.2: [8086:204a] type 00 class 0x088000
[    1.806061] pci 0000:3a:0b.3: [8086:204b] type 00 class 0x088000
[    1.806120] pci 0000:3a:0c.0: [8086:2040] type 00 class 0x088000
[    1.806179] pci 0000:3a:0c.1: [8086:2041] type 00 class 0x088000
[    1.806239] pci 0000:3a:0c.2: [8086:2042] type 00 class 0x088000
[    1.806296] pci 0000:3a:0c.3: [8086:2043] type 00 class 0x088000
[    1.806354] pci 0000:3a:0c.4: [8086:2044] type 00 class 0x088000
[    1.806410] pci 0000:3a:0c.5: [8086:2045] type 00 class 0x088000
[    1.806468] pci 0000:3a:0c.6: [8086:2046] type 00 class 0x088000
[    1.806524] pci 0000:3a:0c.7: [8086:2047] type 00 class 0x088000
[    1.806583] pci 0000:3a:0d.0: [8086:2048] type 00 class 0x088000
[    1.806644] pci 0000:3a:0d.1: [8086:2049] type 00 class 0x088000
[    1.806701] pci 0000:3a:0d.2: [8086:204a] type 00 class 0x088000
[    1.806758] pci 0000:3a:0d.3: [8086:204b] type 00 class 0x088000
[    1.806865] pci 0000:3b:00.0: [8086:1572] type 00 class 0x020000
[    1.806881] pci 0000:3b:00.0: reg 0x10: [mem 0xb7000000-0xb77fffff 64bit pref]
[    1.806895] pci 0000:3b:00.0: reg 0x1c: [mem 0xb8008000-0xb800ffff 64bit pref]
[    1.806905] pci 0000:3b:00.0: reg 0x30: [mem 0xb8680000-0xb86fffff pref]
[    1.806951] pci 0000:3b:00.0: PME# supported from D0 D3hot D3cold
[    1.806972] pci 0000:3b:00.0: reg 0x184: [mem 0xb7c00000-0xb7c0ffff 64bit pref]
[    1.806974] pci 0000:3b:00.0: VF(n) BAR0 space: [mem 0xb7c00000-0xb7ffffff 64bit pref] (contains BAR0 for 64 VFs)
[    1.806985] pci 0000:3b:00.0: reg 0x190: [mem 0xb8110000-0xb8113fff 64bit pref]
[    1.806986] pci 0000:3b:00.0: VF(n) BAR3 space: [mem 0xb8110000-0xb820ffff 64bit pref] (contains BAR3 for 64 VFs)
[    1.807103] pci 0000:3b:00.0: System wakeup disabled by ACPI
[    1.807139] pci 0000:3b:00.1: [8086:1572] type 00 class 0x020000
[    1.807155] pci 0000:3b:00.1: reg 0x10: [mem 0xb6800000-0xb6ffffff 64bit pref]
[    1.807168] pci 0000:3b:00.1: reg 0x1c: [mem 0xb8000000-0xb8007fff 64bit pref]
[    1.807179] pci 0000:3b:00.1: reg 0x30: [mem 0xb8600000-0xb867ffff pref]
[    1.807222] pci 0000:3b:00.1: PME# supported from D0 D3hot D3cold
[    1.807242] pci 0000:3b:00.1: reg 0x184: [mem 0xb7800000-0xb780ffff 64bit pref]
[    1.807244] pci 0000:3b:00.1: VF(n) BAR0 space: [mem 0xb7800000-0xb7bfffff 64bit pref] (contains BAR0 for 64 VFs)
[    1.807255] pci 0000:3b:00.1: reg 0x190: [mem 0xb8010000-0xb8013fff 64bit pref]
[    1.807257] pci 0000:3b:00.1: VF(n) BAR3 space: [mem 0xb8010000-0xb810ffff 64bit pref] (contains BAR3 for 64 VFs)
[    1.810239] pci 0000:3a:00.0: PCI bridge to [bus 3b]
[    1.810243] pci 0000:3a:00.0:   bridge window [mem 0xb8600000-0xb86fffff]
[    1.810246] pci 0000:3a:00.0:   bridge window [mem 0xb6800000-0xb82fffff 64bit pref]
[    1.810252] pci_bus 0000:3a: on NUMA node 0
[    1.810326] ACPI: PCI Root Bridge [PC03] (domain 0000 [bus 5d-7f])
[    1.810329] acpi PNP0A08:03: _OSC: OS supports [ExtendedConfig ASPM ClockPM Segments MSI]
[    1.810627] acpi PNP0A08:03: _OSC: platform does not support [SHPCHotplug AER]
[    1.810786] acpi PNP0A08:03: _OSC: OS now controls [PCIeHotplug PME PCIeCapability]
[    1.810787] acpi PNP0A08:03: FADT indicates ASPM is unsupported, using BIOS configuration
[    1.810930] PCI host bridge to bus 0000:5d
[    1.810932] pci_bus 0000:5d: root bus resource [io  0x8000-0x9fff window]
[    1.810934] pci_bus 0000:5d: root bus resource [mem 0xb8800000-0xc5ffffff window]
[    1.810935] pci_bus 0000:5d: root bus resource [bus 5d-7f]
[    1.810943] pci 0000:5d:00.0: [8086:2030] type 01 class 0x060400
[    1.810992] pci 0000:5d:00.0: PME# supported from D0 D3hot D3cold
[    1.811020] pci 0000:5d:00.0: System wakeup disabled by ACPI
[    1.811053] pci 0000:5d:05.0: [8086:2034] type 00 class 0x088000
[    1.811120] pci 0000:5d:05.2: [8086:2035] type 00 class 0x088000
[    1.811188] pci 0000:5d:05.4: [8086:2036] type 00 class 0x080020
[    1.811195] pci 0000:5d:05.4: reg 0x10: [mem 0xc5f00000-0xc5f00fff]
[    1.811269] pci 0000:5d:0e.0: [8086:2058] type 00 class 0x110100
[    1.811328] pci 0000:5d:0e.1: [8086:2059] type 00 class 0x088000
[    1.811384] pci 0000:5d:0f.0: [8086:2058] type 00 class 0x110100
[    1.811442] pci 0000:5d:0f.1: [8086:2059] type 00 class 0x088000
[    1.811497] pci 0000:5d:10.0: [8086:2058] type 00 class 0x110100
[    1.811553] pci 0000:5d:10.1: [8086:2059] type 00 class 0x088000
[    1.811607] pci 0000:5d:12.0: [8086:204c] type 00 class 0x110100
[    1.811663] pci 0000:5d:12.1: [8086:204d] type 00 class 0x110100
[    1.811708] pci 0000:5d:12.2: [8086:204e] type 00 class 0x088000
[    1.811757] pci 0000:5d:12.4: [8086:204c] type 00 class 0x110100
[    1.811809] pci 0000:5d:12.5: [8086:204d] type 00 class 0x110100
[    1.811858] pci 0000:5d:15.0: [8086:2018] type 00 class 0x088000
[    1.811906] pci 0000:5d:15.1: [8086:2088] type 00 class 0x110100
[    1.811955] pci 0000:5d:16.0: [8086:2018] type 00 class 0x088000
[    1.812005] pci 0000:5d:16.1: [8086:2088] type 00 class 0x110100
[    1.812053] pci 0000:5d:16.4: [8086:2018] type 00 class 0x088000
[    1.812099] pci 0000:5d:16.5: [8086:2088] type 00 class 0x110100
[    1.812148] pci 0000:5d:17.0: [8086:2018] type 00 class 0x088000
[    1.812198] pci 0000:5d:17.1: [8086:2088] type 00 class 0x110100
[    1.812292] pci 0000:5e:00.0: [1000:0097] type 00 class 0x010700
[    1.812302] pci 0000:5e:00.0: reg 0x10: [io  0x9000-0x90ff]
[    1.812309] pci 0000:5e:00.0: reg 0x14: [mem 0xc5e40000-0xc5e4ffff 64bit]
[    1.812317] pci 0000:5e:00.0: reg 0x1c: [mem 0xc5e00000-0xc5e3ffff 64bit]
[    1.812326] pci 0000:5e:00.0: reg 0x30: [mem 0xc5d00000-0xc5dfffff pref]
[    1.812404] pci 0000:5e:00.0: supports D1 D2
[    1.812449] pci 0000:5d:00.0: PCI bridge to [bus 5e]
[    1.812451] pci 0000:5d:00.0:   bridge window [io  0x9000-0x9fff]
[    1.812453] pci 0000:5d:00.0:   bridge window [mem 0xc5d00000-0xc5efffff]
[    1.812461] pci_bus 0000:5d: on NUMA node 0
[    1.812576] ACPI: PCI Root Bridge [PC06] (domain 0000 [bus 80-84])
[    1.812579] acpi PNP0A08:06: _OSC: OS supports [ExtendedConfig ASPM ClockPM Segments MSI]
[    1.812746] acpi PNP0A08:06: _OSC: platform does not support [SHPCHotplug AER]
[    1.812863] acpi PNP0A08:06: _OSC: OS now controls [PCIeHotplug PME PCIeCapability]
[    1.812864] acpi PNP0A08:06: FADT indicates ASPM is unsupported, using BIOS configuration
[    1.812969] acpiphp: Slot [8191-10] registered
[    1.812991] PCI host bridge to bus 0000:80
[    1.812993] pci_bus 0000:80: root bus resource [io  0xa000-0xbfff window]
[    1.812995] pci_bus 0000:80: root bus resource [mem 0xc6000000-0xd37fffff window]
[    1.812996] pci_bus 0000:80: root bus resource [bus 80-84]
[    1.813005] pci 0000:80:04.0: [8086:2021] type 00 class 0x088000
[    1.813015] pci 0000:80:04.0: reg 0x10: [mem 0xd371c000-0xd371ffff 64bit]
[    1.813095] pci 0000:80:04.1: [8086:2021] type 00 class 0x088000
[    1.813105] pci 0000:80:04.1: reg 0x10: [mem 0xd3718000-0xd371bfff 64bit]
[    1.813182] pci 0000:80:04.2: [8086:2021] type 00 class 0x088000
[    1.813191] pci 0000:80:04.2: reg 0x10: [mem 0xd3714000-0xd3717fff 64bit]
[    1.813270] pci 0000:80:04.3: [8086:2021] type 00 class 0x088000
[    1.813279] pci 0000:80:04.3: reg 0x10: [mem 0xd3710000-0xd3713fff 64bit]
[    1.813355] pci 0000:80:04.4: [8086:2021] type 00 class 0x088000
[    1.813364] pci 0000:80:04.4: reg 0x10: [mem 0xd370c000-0xd370ffff 64bit]
[    1.813441] pci 0000:80:04.5: [8086:2021] type 00 class 0x088000
[    1.813450] pci 0000:80:04.5: reg 0x10: [mem 0xd3708000-0xd370bfff 64bit]
[    1.813525] pci 0000:80:04.6: [8086:2021] type 00 class 0x088000
[    1.813534] pci 0000:80:04.6: reg 0x10: [mem 0xd3704000-0xd3707fff 64bit]
[    1.813610] pci 0000:80:04.7: [8086:2021] type 00 class 0x088000
[    1.813619] pci 0000:80:04.7: reg 0x10: [mem 0xd3700000-0xd3703fff 64bit]
[    1.813694] pci 0000:80:05.0: [8086:2024] type 00 class 0x088000
[    1.813761] pci 0000:80:05.2: [8086:2025] type 00 class 0x088000
[    1.813830] pci 0000:80:05.4: [8086:2026] type 00 class 0x080020
[    1.813837] pci 0000:80:05.4: reg 0x10: [mem 0xd3720000-0xd3720fff]
[    1.813909] pci 0000:80:08.0: [8086:2014] type 00 class 0x088000
[    1.813966] pci 0000:80:08.1: [8086:2015] type 00 class 0x110100
[    1.814015] pci 0000:80:08.2: [8086:2016] type 00 class 0x088000
[    1.814082] pci_bus 0000:80: on NUMA node 1
[    1.814145] ACPI: PCI Root Bridge [PC07] (domain 0000 [bus 85-ad])
[    1.814147] acpi PNP0A08:07: _OSC: OS supports [ExtendedConfig ASPM ClockPM Segments MSI]
[    1.814455] acpi PNP0A08:07: _OSC: platform does not support [SHPCHotplug AER]
[    1.814615] acpi PNP0A08:07: _OSC: OS now controls [PCIeHotplug PME PCIeCapability]
[    1.814616] acpi PNP0A08:07: FADT indicates ASPM is unsupported, using BIOS configuration
[    1.814755] acpiphp: Slot [8191-14] registered
[    1.814774] acpiphp: Slot [8191-9] registered
[    1.814794] acpiphp: Slot [8191-11] registered
[    1.814813] acpiphp: Slot [8191-12] registered
[    1.814857] PCI host bridge to bus 0000:85
[    1.814858] pci_bus 0000:85: root bus resource [io  0xc000-0xdfff window]
[    1.814860] pci_bus 0000:85: root bus resource [mem 0xd3800000-0xe0ffffff window]
[    1.814861] pci_bus 0000:85: root bus resource [bus 85-ad]
[    1.814870] pci 0000:85:05.0: [8086:2034] type 00 class 0x088000
[    1.814945] pci 0000:85:05.2: [8086:2035] type 00 class 0x088000
[    1.815019] pci 0000:85:05.4: [8086:2036] type 00 class 0x080020
[    1.815026] pci 0000:85:05.4: reg 0x10: [mem 0xe0f00000-0xe0f00fff]
[    1.815101] pci 0000:85:08.0: [8086:208d] type 00 class 0x088000
[    1.815160] pci 0000:85:08.1: [8086:208d] type 00 class 0x088000
[    1.815213] pci 0000:85:08.2: [8086:208d] type 00 class 0x088000
[    1.815269] pci 0000:85:08.3: [8086:208d] type 00 class 0x088000
[    1.815322] pci 0000:85:08.4: [8086:208d] type 00 class 0x088000
[    1.815375] pci 0000:85:08.5: [8086:208d] type 00 class 0x088000
[    1.815428] pci 0000:85:08.6: [8086:208d] type 00 class 0x088000
[    1.815481] pci 0000:85:08.7: [8086:208d] type 00 class 0x088000
[    1.815534] pci 0000:85:09.0: [8086:208d] type 00 class 0x088000
[    1.815592] pci 0000:85:09.1: [8086:208d] type 00 class 0x088000
[    1.815645] pci 0000:85:09.2: [8086:208d] type 00 class 0x088000
[    1.815699] pci 0000:85:09.3: [8086:208d] type 00 class 0x088000
[    1.815752] pci 0000:85:09.4: [8086:208d] type 00 class 0x088000
[    1.815806] pci 0000:85:09.5: [8086:208d] type 00 class 0x088000
[    1.815860] pci 0000:85:09.6: [8086:208d] type 00 class 0x088000
[    1.815915] pci 0000:85:09.7: [8086:208d] type 00 class 0x088000
[    1.815969] pci 0000:85:0a.0: [8086:208d] type 00 class 0x088000
[    1.816028] pci 0000:85:0a.1: [8086:208d] type 00 class 0x088000
[    1.816082] pci 0000:85:0a.2: [8086:208d] type 00 class 0x088000
[    1.816138] pci 0000:85:0a.3: [8086:208d] type 00 class 0x088000
[    1.816192] pci 0000:85:0a.4: [8086:208d] type 00 class 0x088000
[    1.816247] pci 0000:85:0a.5: [8086:208d] type 00 class 0x088000
[    1.816301] pci 0000:85:0a.6: [8086:208d] type 00 class 0x088000
[    1.816356] pci 0000:85:0a.7: [8086:208d] type 00 class 0x088000
[    1.816410] pci 0000:85:0b.0: [8086:208d] type 00 class 0x088000
[    1.816469] pci 0000:85:0b.1: [8086:208d] type 00 class 0x088000
[    1.816522] pci 0000:85:0b.2: [8086:208d] type 00 class 0x088000
[    1.816579] pci 0000:85:0b.3: [8086:208d] type 00 class 0x088000
[    1.816637] pci 0000:85:0e.0: [8086:208e] type 00 class 0x088000
[    1.816695] pci 0000:85:0e.1: [8086:208e] type 00 class 0x088000
[    1.816748] pci 0000:85:0e.2: [8086:208e] type 00 class 0x088000
[    1.816805] pci 0000:85:0e.3: [8086:208e] type 00 class 0x088000
[    1.816858] pci 0000:85:0e.4: [8086:208e] type 00 class 0x088000
[    1.816915] pci 0000:85:0e.5: [8086:208e] type 00 class 0x088000
[    1.816969] pci 0000:85:0e.6: [8086:208e] type 00 class 0x088000
[    1.817023] pci 0000:85:0e.7: [8086:208e] type 00 class 0x088000
[    1.817077] pci 0000:85:0f.0: [8086:208e] type 00 class 0x088000
[    1.817135] pci 0000:85:0f.1: [8086:208e] type 00 class 0x088000
[    1.817189] pci 0000:85:0f.2: [8086:208e] type 00 class 0x088000
[    1.817247] pci 0000:85:0f.3: [8086:208e] type 00 class 0x088000
[    1.817302] pci 0000:85:0f.4: [8086:208e] type 00 class 0x088000
[    1.817358] pci 0000:85:0f.5: [8086:208e] type 00 class 0x088000
[    1.817412] pci 0000:85:0f.6: [8086:208e] type 00 class 0x088000
[    1.817468] pci 0000:85:0f.7: [8086:208e] type 00 class 0x088000
[    1.817522] pci 0000:85:10.0: [8086:208e] type 00 class 0x088000
[    1.817582] pci 0000:85:10.1: [8086:208e] type 00 class 0x088000
[    1.817636] pci 0000:85:10.2: [8086:208e] type 00 class 0x088000
[    1.817691] pci 0000:85:10.3: [8086:208e] type 00 class 0x088000
[    1.817746] pci 0000:85:10.4: [8086:208e] type 00 class 0x088000
[    1.817802] pci 0000:85:10.5: [8086:208e] type 00 class 0x088000
[    1.817855] pci 0000:85:10.6: [8086:208e] type 00 class 0x088000
[    1.817910] pci 0000:85:10.7: [8086:208e] type 00 class 0x088000
[    1.817963] pci 0000:85:11.0: [8086:208e] type 00 class 0x088000
[    1.818022] pci 0000:85:11.1: [8086:208e] type 00 class 0x088000
[    1.818076] pci 0000:85:11.2: [8086:208e] type 00 class 0x088000
[    1.818132] pci 0000:85:11.3: [8086:208e] type 00 class 0x088000
[    1.818198] pci 0000:85:1d.0: [8086:2054] type 00 class 0x088000
[    1.818261] pci 0000:85:1d.1: [8086:2055] type 00 class 0x088000
[    1.818316] pci 0000:85:1d.2: [8086:2056] type 00 class 0x088000
[    1.818372] pci 0000:85:1d.3: [8086:2057] type 00 class 0x088000
[    1.818430] pci 0000:85:1e.0: [8086:2080] type 00 class 0x088000
[    1.818490] pci 0000:85:1e.1: [8086:2081] type 00 class 0x088000
[    1.818544] pci 0000:85:1e.2: [8086:2082] type 00 class 0x088000
[    1.818599] pci 0000:85:1e.3: [8086:2083] type 00 class 0x088000
[    1.818654] pci 0000:85:1e.4: [8086:2084] type 00 class 0x088000
[    1.818710] pci 0000:85:1e.5: [8086:2085] type 00 class 0x088000
[    1.818764] pci 0000:85:1e.6: [8086:2086] type 00 class 0x088000
[    1.818821] pci_bus 0000:85: on NUMA node 1
[    1.818911] ACPI: PCI Root Bridge [PC08] (domain 0000 [bus ae-d6])
[    1.818914] acpi PNP0A08:08: _OSC: OS supports [ExtendedConfig ASPM ClockPM Segments MSI]
[    1.819220] acpi PNP0A08:08: _OSC: platform does not support [SHPCHotplug AER]
[    1.819383] acpi PNP0A08:08: _OSC: OS now controls [PCIeHotplug PME PCIeCapability]
[    1.819385] acpi PNP0A08:08: FADT indicates ASPM is unsupported, using BIOS configuration
[    1.819522] acpiphp: Slot [47] registered
[    1.819543] acpiphp: Slot [8191-17] registered
[    1.819562] acpiphp: Slot [8191-13] registered
[    1.819582] acpiphp: Slot [8191-15] registered
[    1.819607] PCI host bridge to bus 0000:ae
[    1.819608] pci_bus 0000:ae: root bus resource [io  0xe000-0xefff window]
[    1.819610] pci_bus 0000:ae: root bus resource [mem 0xe1000000-0xee7fffff window]
[    1.819611] pci_bus 0000:ae: root bus resource [bus ae-d6]
[    1.819619] pci 0000:ae:00.0: [8086:2030] type 01 class 0x060400
[    1.819670] pci 0000:ae:00.0: PME# supported from D0 D3hot D3cold
[    1.819699] pci 0000:ae:00.0: System wakeup disabled by ACPI
[    1.819731] pci 0000:ae:05.0: [8086:2034] type 00 class 0x088000
[    1.819799] pci 0000:ae:05.2: [8086:2035] type 00 class 0x088000
[    1.819867] pci 0000:ae:05.4: [8086:2036] type 00 class 0x080020
[    1.819874] pci 0000:ae:05.4: reg 0x10: [mem 0xee700000-0xee700fff]
[    1.819947] pci 0000:ae:08.0: [8086:2066] type 00 class 0x088000
[    1.820013] pci 0000:ae:09.0: [8086:2066] type 00 class 0x088000
[    1.820080] pci 0000:ae:0a.0: [8086:2040] type 00 class 0x088000
[    1.820143] pci 0000:ae:0a.1: [8086:2041] type 00 class 0x088000
[    1.820202] pci 0000:ae:0a.2: [8086:2042] type 00 class 0x088000
[    1.820263] pci 0000:ae:0a.3: [8086:2043] type 00 class 0x088000
[    1.820322] pci 0000:ae:0a.4: [8086:2044] type 00 class 0x088000
[    1.820381] pci 0000:ae:0a.5: [8086:2045] type 00 class 0x088000
[    1.820440] pci 0000:ae:0a.6: [8086:2046] type 00 class 0x088000
[    1.820499] pci 0000:ae:0a.7: [8086:2047] type 00 class 0x088000
[    1.820558] pci 0000:ae:0b.0: [8086:2048] type 00 class 0x088000
[    1.820621] pci 0000:ae:0b.1: [8086:2049] type 00 class 0x088000
[    1.820679] pci 0000:ae:0b.2: [8086:204a] type 00 class 0x088000
[    1.820738] pci 0000:ae:0b.3: [8086:204b] type 00 class 0x088000
[    1.820799] pci 0000:ae:0c.0: [8086:2040] type 00 class 0x088000
[    1.820864] pci 0000:ae:0c.1: [8086:2041] type 00 class 0x088000
[    1.820925] pci 0000:ae:0c.2: [8086:2042] type 00 class 0x088000
[    1.820986] pci 0000:ae:0c.3: [8086:2043] type 00 class 0x088000
[    1.821047] pci 0000:ae:0c.4: [8086:2044] type 00 class 0x088000
[    1.821108] pci 0000:ae:0c.5: [8086:2045] type 00 class 0x088000
[    1.821167] pci 0000:ae:0c.6: [8086:2046] type 00 class 0x088000
[    1.821228] pci 0000:ae:0c.7: [8086:2047] type 00 class 0x088000
[    1.821290] pci 0000:ae:0d.0: [8086:2048] type 00 class 0x088000
[    1.821355] pci 0000:ae:0d.1: [8086:2049] type 00 class 0x088000
[    1.821415] pci 0000:ae:0d.2: [8086:204a] type 00 class 0x088000
[    1.821477] pci 0000:ae:0d.3: [8086:204b] type 00 class 0x088000
[    1.821594] pci 0000:af:00.0: [8086:1521] type 00 class 0x020000
[    1.821611] pci 0000:af:00.0: reg 0x10: [mem 0xee580000-0xee5fffff]
[    1.821624] pci 0000:af:00.0: reg 0x18: [io  0xe020-0xe03f]
[    1.821631] pci 0000:af:00.0: reg 0x1c: [mem 0xee604000-0xee607fff]
[    1.821650] pci 0000:af:00.0: reg 0x30: [mem 0xee500000-0xee57ffff pref]
[    1.821707] pci 0000:af:00.0: PME# supported from D0 D3hot D3cold
[    1.821733] pci 0000:af:00.0: reg 0x184: [mem 0xee360000-0xee363fff 64bit pref]
[    1.821735] pci 0000:af:00.0: VF(n) BAR0 space: [mem 0xee360000-0xee37ffff 64bit pref] (contains BAR0 for 8 VFs)
[    1.821749] pci 0000:af:00.0: reg 0x190: [mem 0xee340000-0xee343fff 64bit pref]
[    1.821751] pci 0000:af:00.0: VF(n) BAR3 space: [mem 0xee340000-0xee35ffff 64bit pref] (contains BAR3 for 8 VFs)
[    1.821823] pci 0000:af:00.1: [8086:1521] type 00 class 0x020000
[    1.821839] pci 0000:af:00.1: reg 0x10: [mem 0xee480000-0xee4fffff]
[    1.821852] pci 0000:af:00.1: reg 0x18: [io  0xe000-0xe01f]
[    1.821859] pci 0000:af:00.1: reg 0x1c: [mem 0xee600000-0xee603fff]
[    1.821879] pci 0000:af:00.1: reg 0x30: [mem 0xee400000-0xee47ffff pref]
[    1.821933] pci 0000:af:00.1: PME# supported from D0 D3hot D3cold
[    1.821955] pci 0000:af:00.1: reg 0x184: [mem 0xee320000-0xee323fff 64bit pref]
[    1.821957] pci 0000:af:00.1: VF(n) BAR0 space: [mem 0xee320000-0xee33ffff 64bit pref] (contains BAR0 for 8 VFs)
[    1.821971] pci 0000:af:00.1: reg 0x190: [mem 0xee300000-0xee303fff 64bit pref]
[    1.821973] pci 0000:af:00.1: VF(n) BAR3 space: [mem 0xee300000-0xee31ffff 64bit pref] (contains BAR3 for 8 VFs)
[    1.824253] pci 0000:ae:00.0: PCI bridge to [bus af]
[    1.824256] pci 0000:ae:00.0:   bridge window [io  0xe000-0xefff]
[    1.824258] pci 0000:ae:00.0:   bridge window [mem 0xee400000-0xee6fffff]
[    1.824261] pci 0000:ae:00.0:   bridge window [mem 0xee300000-0xee3fffff 64bit pref]
[    1.824267] pci_bus 0000:ae: on NUMA node 1
[    1.824345] ACPI: PCI Root Bridge [PC09] (domain 0000 [bus d7-ff])
[    1.824348] acpi PNP0A08:09: _OSC: OS supports [ExtendedConfig ASPM ClockPM Segments MSI]
[    1.824655] acpi PNP0A08:09: _OSC: platform does not support [SHPCHotplug AER]
[    1.824821] acpi PNP0A08:09: _OSC: OS now controls [PCIeHotplug PME PCIeCapability]
[    1.824822] acpi PNP0A08:09: FADT indicates ASPM is unsupported, using BIOS configuration
[    1.824943] acpiphp: Slot [51] registered
[    1.824959] acpiphp: Slot [52] registered
[    1.824974] acpiphp: Slot [53] registered
[    1.824990] acpiphp: Slot [54] registered
[    1.825012] PCI host bridge to bus 0000:d7
[    1.825013] pci_bus 0000:d7: root bus resource [io  0xf000-0xffff window]
[    1.825015] pci_bus 0000:d7: root bus resource [mem 0xee800000-0xfbffffff window]
[    1.825016] pci_bus 0000:d7: root bus resource [bus d7-ff]
[    1.825024] pci 0000:d7:00.0: [8086:2030] type 01 class 0x060400
[    1.825080] pci 0000:d7:00.0: PME# supported from D0 D3hot D3cold
[    1.825109] pci 0000:d7:00.0: System wakeup disabled by ACPI
[    1.825140] pci 0000:d7:01.0: [8086:2031] type 01 class 0x060400
[    1.825195] pci 0000:d7:01.0: PME# supported from D0 D3hot D3cold
[    1.825223] pci 0000:d7:01.0: System wakeup disabled by ACPI
[    1.825254] pci 0000:d7:02.0: [8086:2032] type 01 class 0x060400
[    1.825309] pci 0000:d7:02.0: PME# supported from D0 D3hot D3cold
[    1.825338] pci 0000:d7:02.0: System wakeup disabled by ACPI
[    1.825368] pci 0000:d7:03.0: [8086:2033] type 01 class 0x060400
[    1.825423] pci 0000:d7:03.0: PME# supported from D0 D3hot D3cold
[    1.825451] pci 0000:d7:03.0: System wakeup disabled by ACPI
[    1.825478] pci 0000:d7:05.0: [8086:2034] type 00 class 0x088000
[    1.825550] pci 0000:d7:05.2: [8086:2035] type 00 class 0x088000
[    1.825621] pci 0000:d7:05.4: [8086:2036] type 00 class 0x080020
[    1.825629] pci 0000:d7:05.4: reg 0x10: [mem 0xfbf00000-0xfbf00fff]
[    1.825708] pci 0000:d7:0e.0: [8086:2058] type 00 class 0x110100
[    1.825769] pci 0000:d7:0e.1: [8086:2059] type 00 class 0x088000
[    1.825829] pci 0000:d7:0f.0: [8086:2058] type 00 class 0x110100
[    1.825891] pci 0000:d7:0f.1: [8086:2059] type 00 class 0x088000
[    1.825950] pci 0000:d7:10.0: [8086:2058] type 00 class 0x110100
[    1.826006] pci 0000:d7:10.1: [8086:2059] type 00 class 0x088000
[    1.826063] pci 0000:d7:12.0: [8086:204c] type 00 class 0x110100
[    1.826124] pci 0000:d7:12.1: [8086:204d] type 00 class 0x110100
[    1.826172] pci 0000:d7:12.2: [8086:204e] type 00 class 0x088000
[    1.826223] pci 0000:d7:12.4: [8086:204c] type 00 class 0x110100
[    1.826281] pci 0000:d7:12.5: [8086:204d] type 00 class 0x110100
[    1.826333] pci 0000:d7:15.0: [8086:2018] type 00 class 0x088000
[    1.826383] pci 0000:d7:15.1: [8086:2088] type 00 class 0x110100
[    1.826435] pci 0000:d7:16.0: [8086:2018] type 00 class 0x088000
[    1.826485] pci 0000:d7:16.1: [8086:2088] type 00 class 0x110100
[    1.826536] pci 0000:d7:16.4: [8086:2018] type 00 class 0x088000
[    1.826585] pci 0000:d7:16.5: [8086:2088] type 00 class 0x110100
[    1.826637] pci 0000:d7:17.0: [8086:2018] type 00 class 0x088000
[    1.826688] pci 0000:d7:17.1: [8086:2088] type 00 class 0x110100
[    1.826780] pci 0000:d7:00.0: PCI bridge to [bus d8]
[    1.826817] pci 0000:d7:01.0: PCI bridge to [bus d9]
[    1.826863] pci 0000:d7:02.0: PCI bridge to [bus da]
[    1.826900] pci 0000:d7:03.0: PCI bridge to [bus db]
[    1.826922] pci_bus 0000:d7: on NUMA node 1
[    1.827235] ACPI: PCI Interrupt Link [LNKA] (IRQs 3 4 5 6 7 10 *11 12 14 15)
[    1.827281] ACPI: PCI Interrupt Link [LNKB] (IRQs 3 4 5 6 7 *10 11 12 14 15)
[    1.827324] ACPI: PCI Interrupt Link [LNKC] (IRQs 3 4 5 6 10 *11 12 14 15)
[    1.827365] ACPI: PCI Interrupt Link [LNKD] (IRQs 3 4 5 6 10 *11 12 14 15)
[    1.827408] ACPI: PCI Interrupt Link [LNKE] (IRQs 3 4 5 6 7 10 *11 12 14 15)
[    1.827450] ACPI: PCI Interrupt Link [LNKF] (IRQs 3 4 5 6 7 10 *11 12 14 15)
[    1.827491] ACPI: PCI Interrupt Link [LNKG] (IRQs 3 4 5 6 7 10 *11 12 14 15)
[    1.827533] ACPI: PCI Interrupt Link [LNKH] (IRQs 3 4 5 6 7 10 *11 12 14 15)
[    1.827791] vgaarb: device added: PCI:0000:03:00.0,decodes=io+mem,owns=io+mem,locks=none
[    1.827848] vgaarb: loaded
[    1.827849] vgaarb: bridge control possible 0000:03:00.0
[    1.828056] SCSI subsystem initialized
[    1.828077] ACPI: bus type USB registered
[    1.828091] usbcore: registered new interface driver usbfs
[    1.828098] usbcore: registered new interface driver hub
[    1.828417] usbcore: registered new device driver usb
[    1.828926] EDAC MC: Ver: 3.0.0
[    1.829309] PCI: Using ACPI for IRQ routing
[    1.832611] PCI: pci_cache_line_size set to 64 bytes
[    1.832930] e820: reserve RAM buffer [mem 0x0009a800-0x0009ffff]
[    1.832932] e820: reserve RAM buffer [mem 0x5f8e1000-0x5fffffff]
[    1.832933] e820: reserve RAM buffer [mem 0x67844000-0x67ffffff]
[    1.832934] e820: reserve RAM buffer [mem 0x6a5bd000-0x6bffffff]
[    1.833178] NetLabel: Initializing
[    1.833180] NetLabel:  domain hash size = 128
[    1.833180] NetLabel:  protocols = UNLABELED CIPSOv4
[    1.833197] NetLabel:  unlabeled traffic allowed by default
[    1.833555] hpet0: at MMIO 0xfed00000, IRQs 2, 8, 0, 0, 0, 0, 0, 0
[    1.833559] hpet0: 8 comparators, 64-bit 24.000000 MHz counter
[    1.835616] amd_nb: Cannot enumerate AMD northbridges
[    1.835796] Switched to clocksource hpet
[    1.842942] pnp: PnP ACPI init
[    1.842960] ACPI: bus type PNP registered
[    1.847598] pnp 00:00: Plug and Play ACPI device, IDs PNP0b00 (active)
[    1.847841] system 00:01: [io  0x0500-0x05fe] has been reserved
[    1.847842] system 00:01: [io  0x0400-0x047f] has been reserved
[    1.847844] system 00:01: [io  0x0600-0x061f] has been reserved
[    1.847846] system 00:01: [io  0x0880-0x0883] has been reserved
[    1.847847] system 00:01: [io  0x0800-0x081f] has been reserved
[    1.847851] system 00:01: [mem 0xfed1c000-0xfed3ffff] could not be reserved
[    1.847853] system 00:01: [mem 0xfed45000-0xfed8bfff] has been reserved
[    1.847854] system 00:01: [mem 0xff000000-0xffffffff] has been reserved
[    1.847856] system 00:01: [mem 0xfee00000-0xfeefffff] has been reserved
[    1.847857] system 00:01: [mem 0xfed12000-0xfed1200f] has been reserved
[    1.847859] system 00:01: [mem 0xfed12010-0xfed1201f] has been reserved
[    1.847860] system 00:01: [mem 0xfed1b000-0xfed1bfff] has been reserved
[    1.847863] system 00:01: Plug and Play ACPI device, IDs PNP0c02 (active)
[    1.848226] system 00:02: [io  0x0a00-0x0a0f] has been reserved
[    1.848228] system 00:02: [io  0x0a10-0x0a1f] has been reserved
[    1.848230] system 00:02: [io  0x0a20-0x0a2f] has been reserved
[    1.848231] system 00:02: [io  0x0a30-0x0a3f] has been reserved
[    1.848233] system 00:02: Plug and Play ACPI device, IDs PNP0c02 (active)
[    1.848461] pnp 00:03: [dma 0 disabled]
[    1.848506] pnp 00:03: Plug and Play ACPI device, IDs PNP0501 (active)
[    1.848674] system 00:04: [mem 0xfd000000-0xfdabffff] has been reserved
[    1.848676] system 00:04: [mem 0xfdad0000-0xfdadffff] has been reserved
[    1.848678] system 00:04: [mem 0xfdb00000-0xfdffffff] has been reserved
[    1.848679] system 00:04: [mem 0xfe000000-0xfe00ffff] has been reserved
[    1.848681] system 00:04: [mem 0xfe011000-0xfe01ffff] has been reserved
[    1.848682] system 00:04: [mem 0xfe036000-0xfe03bfff] has been reserved
[    1.848684] system 00:04: [mem 0xfe03d000-0xfe3fffff] has been reserved
[    1.848686] system 00:04: [mem 0xfe410000-0xfe7fffff] has been reserved
[    1.848687] system 00:04: Plug and Play ACPI device, IDs PNP0c02 (active)
[    1.848941] system 00:05: [io  0x0f00-0x0ffe] has been reserved
[    1.848943] system 00:05: Plug and Play ACPI device, IDs PNP0c02 (active)
[    1.849665] pnp: PnP ACPI: found 6 devices
[    1.849666] ACPI: bus type PNP unregistered
[    1.856418] pci 0000:00:1c.0: bridge window [io  0x1000-0x0fff] to [bus 01] add_size 1000
[    1.856421] pci 0000:00:1c.0: bridge window [mem 0x00100000-0x000fffff 64bit pref] to [bus 01] add_size 200000 add_align 100000
[    1.856423] pci 0000:00:1c.0: bridge window [mem 0x00100000-0x000fffff] to [bus 01] add_size 200000 add_align 100000
[    1.856449] pci 0000:00:1c.0: res[14]=[mem 0x00100000-0x000fffff] res_to_dev_res add_size 200000 min_align 100000
[    1.856450] pci 0000:00:1c.0: res[14]=[mem 0x00100000-0x002fffff] res_to_dev_res add_size 200000 min_align 100000
[    1.856452] pci 0000:00:1c.0: res[15]=[mem 0x00100000-0x000fffff 64bit pref] res_to_dev_res add_size 200000 min_align 100000
[    1.856454] pci 0000:00:1c.0: res[15]=[mem 0x00100000-0x002fffff 64bit pref] res_to_dev_res add_size 200000 min_align 100000
[    1.856455] pci 0000:00:1c.0: res[13]=[io  0x1000-0x0fff] res_to_dev_res add_size 1000 min_align 1000
[    1.856457] pci 0000:00:1c.0: res[13]=[io  0x1000-0x1fff] res_to_dev_res add_size 1000 min_align 1000
[    1.856462] pci 0000:00:1c.0: BAR 14: assigned [mem 0x90000000-0x901fffff]
[    1.856467] pci 0000:00:1c.0: BAR 15: assigned [mem 0x90200000-0x903fffff 64bit pref]
[    1.856470] pci 0000:00:1c.0: BAR 13: assigned [io  0x1000-0x1fff]
[    1.856475] pci 0000:00:1f.4: BAR 0: assigned [mem 0x90400000-0x904000ff 64bit]
[    1.856487] pci 0000:00:1c.0: PCI bridge to [bus 01]
[    1.856489] pci 0000:00:1c.0:   bridge window [io  0x1000-0x1fff]
[    1.856493] pci 0000:00:1c.0:   bridge window [mem 0x90000000-0x901fffff]
[    1.856495] pci 0000:00:1c.0:   bridge window [mem 0x90200000-0x903fffff 64bit pref]
[    1.856500] pci 0000:02:00.0: PCI bridge to [bus 03]
[    1.856503] pci 0000:02:00.0:   bridge window [io  0x2000-0x2fff]
[    1.856508] pci 0000:02:00.0:   bridge window [mem 0x98000000-0x9c0fffff]
[    1.856516] pci 0000:00:1c.5: PCI bridge to [bus 02-03]
[    1.856518] pci 0000:00:1c.5:   bridge window [io  0x2000-0x2fff]
[    1.856522] pci 0000:00:1c.5:   bridge window [mem 0x98000000-0x9c0fffff]
[    1.856528] pci_bus 0000:00: resource 4 [io  0x0000-0x03af window]
[    1.856530] pci_bus 0000:00: resource 5 [io  0x03e0-0x0cf7 window]
[    1.856531] pci_bus 0000:00: resource 6 [io  0x03b0-0x03bb window]
[    1.856532] pci_bus 0000:00: resource 7 [io  0x03c0-0x03df window]
[    1.856534] pci_bus 0000:00: resource 8 [io  0x1000-0x3fff window]
[    1.856535] pci_bus 0000:00: resource 9 [mem 0x000a0000-0x000bffff window]
[    1.856536] pci_bus 0000:00: resource 10 [mem 0x000c4000-0x000c7fff window]
[    1.856538] pci_bus 0000:00: resource 11 [mem 0xfe010000-0xfe010fff window]
[    1.856539] pci_bus 0000:00: resource 12 [mem 0x90000000-0x9d7fffff window]
[    1.856541] pci_bus 0000:01: resource 0 [io  0x1000-0x1fff]
[    1.856542] pci_bus 0000:01: resource 1 [mem 0x90000000-0x901fffff]
[    1.856543] pci_bus 0000:01: resource 2 [mem 0x90200000-0x903fffff 64bit pref]
[    1.856545] pci_bus 0000:02: resource 0 [io  0x2000-0x2fff]
[    1.856546] pci_bus 0000:02: resource 1 [mem 0x98000000-0x9c0fffff]
[    1.856548] pci_bus 0000:03: resource 0 [io  0x2000-0x2fff]
[    1.856549] pci_bus 0000:03: resource 1 [mem 0x98000000-0x9c0fffff]
[    1.856576] pci 0000:18:00.0: PCI bridge to [bus 19]
[    1.856584] pci 0000:17:00.0: PCI bridge to [bus 18-19]
[    1.856587] pci 0000:17:00.0:   bridge window [mem 0xaad00000-0xaaefffff]
[    1.856594] pci_bus 0000:17: resource 4 [io  0x4000-0x5fff window]
[    1.856596] pci_bus 0000:17: resource 5 [mem 0x9d800000-0xaaffffff window]
[    1.856597] pci_bus 0000:18: resource 1 [mem 0xaad00000-0xaaefffff]
[    1.856609] pci 0000:3a:00.0: PCI bridge to [bus 3b]
[    1.856612] pci 0000:3a:00.0:   bridge window [mem 0xb8600000-0xb86fffff]
[    1.856615] pci 0000:3a:00.0:   bridge window [mem 0xb6800000-0xb82fffff 64bit pref]
[    1.856619] pci_bus 0000:3a: resource 4 [io  0x6000-0x7fff window]
[    1.856621] pci_bus 0000:3a: resource 5 [mem 0xab000000-0xb87fffff window]
[    1.856622] pci_bus 0000:3b: resource 1 [mem 0xb8600000-0xb86fffff]
[    1.856624] pci_bus 0000:3b: resource 2 [mem 0xb6800000-0xb82fffff 64bit pref]
[    1.856634] pci 0000:5d:00.0: PCI bridge to [bus 5e]
[    1.856636] pci 0000:5d:00.0:   bridge window [io  0x9000-0x9fff]
[    1.856639] pci 0000:5d:00.0:   bridge window [mem 0xc5d00000-0xc5efffff]
[    1.856645] pci_bus 0000:5d: resource 4 [io  0x8000-0x9fff window]
[    1.856646] pci_bus 0000:5d: resource 5 [mem 0xb8800000-0xc5ffffff window]
[    1.856648] pci_bus 0000:5e: resource 0 [io  0x9000-0x9fff]
[    1.856649] pci_bus 0000:5e: resource 1 [mem 0xc5d00000-0xc5efffff]
[    1.856655] pci_bus 0000:80: resource 4 [io  0xa000-0xbfff window]
[    1.856657] pci_bus 0000:80: resource 5 [mem 0xc6000000-0xd37fffff window]
[    1.856675] pci_bus 0000:85: resource 4 [io  0xc000-0xdfff window]
[    1.856676] pci_bus 0000:85: resource 5 [mem 0xd3800000-0xe0ffffff window]
[    1.856690] pci 0000:ae:00.0: PCI bridge to [bus af]
[    1.856692] pci 0000:ae:00.0:   bridge window [io  0xe000-0xefff]
[    1.856695] pci 0000:ae:00.0:   bridge window [mem 0xee400000-0xee6fffff]
[    1.856697] pci 0000:ae:00.0:   bridge window [mem 0xee300000-0xee3fffff 64bit pref]
[    1.856712] pci_bus 0000:ae: resource 4 [io  0xe000-0xefff window]
[    1.856713] pci_bus 0000:ae: resource 5 [mem 0xe1000000-0xee7fffff window]
[    1.856715] pci_bus 0000:af: resource 0 [io  0xe000-0xefff]
[    1.856716] pci_bus 0000:af: resource 1 [mem 0xee400000-0xee6fffff]
[    1.856718] pci_bus 0000:af: resource 2 [mem 0xee300000-0xee3fffff 64bit pref]
[    1.856723] pci 0000:d7:00.0: bridge window [io  0x1000-0x0fff] to [bus d8] add_size 1000
[    1.856725] pci 0000:d7:00.0: bridge window [mem 0x00100000-0x000fffff 64bit pref] to [bus d8] add_size 200000 add_align 100000
[    1.856727] pci 0000:d7:00.0: bridge window [mem 0x00100000-0x000fffff] to [bus d8] add_size 200000 add_align 100000
[    1.856731] pci 0000:d7:01.0: bridge window [io  0x1000-0x0fff] to [bus d9] add_size 1000
[    1.856733] pci 0000:d7:01.0: bridge window [mem 0x00100000-0x000fffff 64bit pref] to [bus d9] add_size 200000 add_align 100000
[    1.856735] pci 0000:d7:01.0: bridge window [mem 0x00100000-0x000fffff] to [bus d9] add_size 200000 add_align 100000
[    1.856739] pci 0000:d7:02.0: bridge window [io  0x1000-0x0fff] to [bus da] add_size 1000
[    1.856741] pci 0000:d7:02.0: bridge window [mem 0x00100000-0x000fffff 64bit pref] to [bus da] add_size 200000 add_align 100000
[    1.856743] pci 0000:d7:02.0: bridge window [mem 0x00100000-0x000fffff] to [bus da] add_size 200000 add_align 100000
[    1.856747] pci 0000:d7:03.0: bridge window [io  0x1000-0x0fff] to [bus db] add_size 1000
[    1.856749] pci 0000:d7:03.0: bridge window [mem 0x00100000-0x000fffff 64bit pref] to [bus db] add_size 200000 add_align 100000
[    1.856751] pci 0000:d7:03.0: bridge window [mem 0x00100000-0x000fffff] to [bus db] add_size 200000 add_align 100000
[    1.856760] pci 0000:d7:00.0: res[14]=[mem 0x00100000-0x000fffff] res_to_dev_res add_size 200000 min_align 100000
[    1.856762] pci 0000:d7:00.0: res[14]=[mem 0x00100000-0x002fffff] res_to_dev_res add_size 200000 min_align 100000
[    1.856763] pci 0000:d7:00.0: res[15]=[mem 0x00100000-0x000fffff 64bit pref] res_to_dev_res add_size 200000 min_align 100000
[    1.856765] pci 0000:d7:00.0: res[15]=[mem 0x00100000-0x002fffff 64bit pref] res_to_dev_res add_size 200000 min_align 100000
[    1.856766] pci 0000:d7:01.0: res[14]=[mem 0x00100000-0x000fffff] res_to_dev_res add_size 200000 min_align 100000
[    1.856768] pci 0000:d7:01.0: res[14]=[mem 0x00100000-0x002fffff] res_to_dev_res add_size 200000 min_align 100000
[    1.856769] pci 0000:d7:01.0: res[15]=[mem 0x00100000-0x000fffff 64bit pref] res_to_dev_res add_size 200000 min_align 100000
[    1.856771] pci 0000:d7:01.0: res[15]=[mem 0x00100000-0x002fffff 64bit pref] res_to_dev_res add_size 200000 min_align 100000
[    1.856772] pci 0000:d7:02.0: res[14]=[mem 0x00100000-0x000fffff] res_to_dev_res add_size 200000 min_align 100000
[    1.856774] pci 0000:d7:02.0: res[14]=[mem 0x00100000-0x002fffff] res_to_dev_res add_size 200000 min_align 100000
[    1.856775] pci 0000:d7:02.0: res[15]=[mem 0x00100000-0x000fffff 64bit pref] res_to_dev_res add_size 200000 min_align 100000
[    1.856777] pci 0000:d7:02.0: res[15]=[mem 0x00100000-0x002fffff 64bit pref] res_to_dev_res add_size 200000 min_align 100000
[    1.856778] pci 0000:d7:03.0: res[14]=[mem 0x00100000-0x000fffff] res_to_dev_res add_size 200000 min_align 100000
[    1.856780] pci 0000:d7:03.0: res[14]=[mem 0x00100000-0x002fffff] res_to_dev_res add_size 200000 min_align 100000
[    1.856782] pci 0000:d7:03.0: res[15]=[mem 0x00100000-0x000fffff 64bit pref] res_to_dev_res add_size 200000 min_align 100000
[    1.856783] pci 0000:d7:03.0: res[15]=[mem 0x00100000-0x002fffff 64bit pref] res_to_dev_res add_size 200000 min_align 100000
[    1.856785] pci 0000:d7:00.0: res[13]=[io  0x1000-0x0fff] res_to_dev_res add_size 1000 min_align 1000
[    1.856786] pci 0000:d7:00.0: res[13]=[io  0x1000-0x1fff] res_to_dev_res add_size 1000 min_align 1000
[    1.856788] pci 0000:d7:01.0: res[13]=[io  0x1000-0x0fff] res_to_dev_res add_size 1000 min_align 1000
[    1.856789] pci 0000:d7:01.0: res[13]=[io  0x1000-0x1fff] res_to_dev_res add_size 1000 min_align 1000
[    1.856791] pci 0000:d7:02.0: res[13]=[io  0x1000-0x0fff] res_to_dev_res add_size 1000 min_align 1000
[    1.856792] pci 0000:d7:02.0: res[13]=[io  0x1000-0x1fff] res_to_dev_res add_size 1000 min_align 1000
[    1.856793] pci 0000:d7:03.0: res[13]=[io  0x1000-0x0fff] res_to_dev_res add_size 1000 min_align 1000
[    1.856795] pci 0000:d7:03.0: res[13]=[io  0x1000-0x1fff] res_to_dev_res add_size 1000 min_align 1000
[    1.856797] pci 0000:d7:00.0: BAR 14: assigned [mem 0xee800000-0xee9fffff]
[    1.856799] pci 0000:d7:00.0: BAR 15: assigned [mem 0xeea00000-0xeebfffff 64bit pref]
[    1.856801] pci 0000:d7:01.0: BAR 14: assigned [mem 0xeec00000-0xeedfffff]
[    1.856803] pci 0000:d7:01.0: BAR 15: assigned [mem 0xeee00000-0xeeffffff 64bit pref]
[    1.856804] pci 0000:d7:02.0: BAR 14: assigned [mem 0xef000000-0xef1fffff]
[    1.856806] pci 0000:d7:02.0: BAR 15: assigned [mem 0xef200000-0xef3fffff 64bit pref]
[    1.856807] pci 0000:d7:03.0: BAR 14: assigned [mem 0xef400000-0xef5fffff]
[    1.856809] pci 0000:d7:03.0: BAR 15: assigned [mem 0xef600000-0xef7fffff 64bit pref]
[    1.856811] pci 0000:d7:00.0: BAR 13: assigned [io  0xf000-0xffff]
[    1.856812] pci 0000:d7:01.0: BAR 13: no space for [io  size 0x1000]
[    1.856814] pci 0000:d7:01.0: BAR 13: failed to assign [io  size 0x1000]
[    1.856816] pci 0000:d7:02.0: BAR 13: no space for [io  size 0x1000]
[    1.856817] pci 0000:d7:02.0: BAR 13: failed to assign [io  size 0x1000]
[    1.856818] pci 0000:d7:03.0: BAR 13: no space for [io  size 0x1000]
[    1.856819] pci 0000:d7:03.0: BAR 13: failed to assign [io  size 0x1000]
[    1.856822] pci 0000:d7:03.0: BAR 13: assigned [io  0xf000-0xffff]
[    1.856824] pci 0000:d7:02.0: BAR 13: no space for [io  size 0x1000]
[    1.856825] pci 0000:d7:02.0: BAR 13: failed to assign [io  size 0x1000]
[    1.856826] pci 0000:d7:01.0: BAR 13: no space for [io  size 0x1000]
[    1.856828] pci 0000:d7:01.0: BAR 13: failed to assign [io  size 0x1000]
[    1.856829] pci 0000:d7:00.0: BAR 13: no space for [io  size 0x1000]
[    1.856830] pci 0000:d7:00.0: BAR 13: failed to assign [io  size 0x1000]
[    1.856831] pci 0000:d7:00.0: PCI bridge to [bus d8]
[    1.856834] pci 0000:d7:00.0:   bridge window [mem 0xee800000-0xee9fffff]
